#
# There is insufficient memory for the Java Runtime Environment to continue.
# Native memory allocation (malloc) failed to allocate 1048576 bytes. Error detail: AllocateHeap
# Possible reasons:
#   The system is out of physical RAM or swap space
#   This process is running with CompressedOops enabled, and the Java Heap may be blocking the growth of the native heap
# Possible solutions:
#   Reduce memory load on the system
#   Increase physical memory or swap space
#   Check if swap backing store is full
#   Decrease Java heap size (-Xmx/-Xms)
#   Decrease number of Java threads
#   Decrease Java thread stack sizes (-Xss)
#   Set larger code cache with -XX:ReservedCodeCacheSize=
#   JVM is running with Unscaled Compressed Oops mode in which the Java heap is
#     placed in the first 4GB address space. The Java Heap base address is the
#     maximum limit for the native heap growth. Please use -XX:HeapBaseMinAddress
#     to set the Java Heap base and to place the Java Heap above 4GB virtual address.
# This output file may be truncated or incomplete.
#
#  Out of Memory Error (allocation.cpp:44), pid=22944, tid=21832
#
# JRE version: OpenJDK Runtime Environment Temurin-21.0.9+10 (21.0.9+10) (build 21.0.9+10-LTS)
# Java VM: OpenJDK 64-Bit Server VM Temurin-21.0.9+10 (21.0.9+10-LTS, mixed mode, sharing, tiered, compressed oops, compressed class ptrs, g1 gc, windows-amd64)
# No core dump will be written. Minidumps are not enabled by default on client versions of Windows
#

---------------  S U M M A R Y ------------

Command Line: --add-modules=ALL-SYSTEM --add-opens=java.base/java.util=ALL-UNNAMED --add-opens=java.base/java.lang=ALL-UNNAMED --add-opens=java.base/sun.nio.fs=ALL-UNNAMED -Declipse.application=org.eclipse.jdt.ls.core.id1 -Dosgi.bundles.defaultStartLevel=4 -Declipse.product=org.eclipse.jdt.ls.core.product -Djava.import.generatesMetadataFilesAtProjectRoot=false -DDetectVMInstallationsJob.disabled=true -Dfile.encoding=utf8 -Xlog:disable -Xmx2G -javaagent:c:\Users\mangg\.vscode\extensions\redhat.java-1.51.0-win32-x64\lombok\lombok-1.18.39-4050.jar -XX:+HeapDumpOnOutOfMemoryError -XX:HeapDumpPath=c:\Users\mangg\AppData\Roaming\Code\User\workspaceStorage\8c73f547fe5378db659ab868c2bf30f5\redhat.java -Daether.dependencyCollector.impl=bf c:\Users\mangg\.vscode\extensions\redhat.java-1.51.0-win32-x64\server\plugins\org.eclipse.equinox.launcher_1.7.100.v20251111-0406.jar -configuration c:\Users\mangg\AppData\Roaming\Code\User\globalStorage\redhat.java\1.51.0\config_win -data c:\Users\mangg\AppData\Roaming\Code\User\workspaceStorage\8c73f547fe5378db659ab868c2bf30f5\redhat.java\jdt_ws --pipe=\\.\pipe\lsp-7d90a7dfb511808979b7ba379c06382d-sock

Host: 11th Gen Intel(R) Core(TM) i7-11800H @ 2.30GHz, 16 cores, 15G,  Windows 11 , 64 bit Build 26100 (10.0.26100.7623)
Time: Thu Jan 29 14:52:35 2026 SE Asia Standard Time elapsed time: 1418.376458 seconds (0d 0h 23m 38s)

---------------  T H R E A D  ---------------

Current thread (0x000002105734a6e0):  JavaThread "Attach Listener" daemon [_thread_in_vm, id=21832, stack(0x000000cb97f00000,0x000000cb98000000) (1024K)]

Stack: [0x000000cb97f00000,0x000000cb98000000]
Native frames: (J=compiled Java code, j=interpreted, Vv=VM code, C=native code)
V  [jvm.dll+0x6d6e29]
V  [jvm.dll+0x8b4b76]
V  [jvm.dll+0x8b712e]
V  [jvm.dll+0x8b7813]
V  [jvm.dll+0x283d86]
V  [jvm.dll+0xc1277]
V  [jvm.dll+0x6d76d9]
V  [jvm.dll+0x133466]
V  [jvm.dll+0x3f7ea6]
V  [jvm.dll+0x85e9ad]
V  [jvm.dll+0x6d565d]
C  [ucrtbase.dll+0x37b0]
C  [KERNEL32.DLL+0x2e8d7]
C  [ntdll.dll+0x8c53c]


---------------  P R O C E S S  ---------------

Threads class SMR info:
_java_thread_list=0x00000210a91f15b0, length=51, elements={
0x000002103f0ff6e0, 0x0000021057433e80, 0x00000210574348d0, 0x0000021057349c90,
0x000002105734a6e0, 0x000002105734e8a0, 0x000002105734f420, 0x0000021057351920,
0x0000021057359a40, 0x0000021057672050, 0x00000210578dd000, 0x0000021057bd81a0,
0x0000021057f140c0, 0x000002109d4856b0, 0x00000210574e4fb0, 0x000002109da04510,
0x000002109d739a80, 0x0000021057557f40, 0x0000021057917950, 0x0000021057b6f7f0,
0x0000021057b6ead0, 0x0000021057b6d090, 0x000002109f532460, 0x000002109f532af0,
0x000002109f533180, 0x000002109f531dd0, 0x000002109f531740, 0x000002109f52fd00,
0x000002109f533810, 0x000002109f530390, 0x000002109f533ea0, 0x000002109f5310b0,
0x000002109f530a20, 0x000002109f535250, 0x000002109f537320, 0x000002109f534530,
0x000002109f534bc0, 0x000002109f5358e0, 0x00000210a965f430, 0x00000210a965bfb0,
0x00000210abb92520, 0x00000210a18cbee0, 0x00000210a98c5be0, 0x00000210a1474ff0,
0x00000210a1475680, 0x00000210a1472890, 0x00000210a14742d0, 0x00000210a1474960,
0x00000210a1473c40, 0x00000210a1472f20, 0x00000210a14763a0
}

Java Threads: ( => current thread )
  0x000002103f0ff6e0 JavaThread "main"                              [_thread_blocked, id=8500, stack(0x000000cb97400000,0x000000cb97500000) (1024K)]
  0x0000021057433e80 JavaThread "Reference Handler"          daemon [_thread_blocked, id=5184, stack(0x000000cb97c00000,0x000000cb97d00000) (1024K)]
  0x00000210574348d0 JavaThread "Finalizer"                  daemon [_thread_blocked, id=3032, stack(0x000000cb97d00000,0x000000cb97e00000) (1024K)]
  0x0000021057349c90 JavaThread "Signal Dispatcher"          daemon [_thread_blocked, id=4456, stack(0x000000cb97e00000,0x000000cb97f00000) (1024K)]
=>0x000002105734a6e0 JavaThread "Attach Listener"            daemon [_thread_in_vm, id=21832, stack(0x000000cb97f00000,0x000000cb98000000) (1024K)]
  0x000002105734e8a0 JavaThread "Service Thread"             daemon [_thread_blocked, id=6696, stack(0x000000cb98000000,0x000000cb98100000) (1024K)]
  0x000002105734f420 JavaThread "Monitor Deflation Thread"   daemon [_thread_blocked, id=6684, stack(0x000000cb98100000,0x000000cb98200000) (1024K)]
  0x0000021057351920 JavaThread "C2 CompilerThread0"         daemon [_thread_blocked, id=23420, stack(0x000000cb98200000,0x000000cb98300000) (1024K)]
  0x0000021057359a40 JavaThread "C1 CompilerThread0"         daemon [_thread_blocked, id=23300, stack(0x000000cb98300000,0x000000cb98400000) (1024K)]
  0x0000021057672050 JavaThread "Common-Cleaner"             daemon [_thread_blocked, id=21892, stack(0x000000cb98500000,0x000000cb98600000) (1024K)]
  0x00000210578dd000 JavaThread "Notification Thread"        daemon [_thread_blocked, id=5208, stack(0x000000cb98900000,0x000000cb98a00000) (1024K)]
  0x0000021057bd81a0 JavaThread "Active Thread: Equinox Container: ee9124f1-d0b4-4ecc-818d-4c945ddf2d43"        [_thread_blocked, id=3388, stack(0x000000cb99200000,0x000000cb99300000) (1024K)]
  0x0000021057f140c0 JavaThread "Refresh Thread: Equinox Container: ee9124f1-d0b4-4ecc-818d-4c945ddf2d43" daemon [_thread_blocked, id=23752, stack(0x000000cb98400000,0x000000cb98500000) (1024K)]
  0x000002109d4856b0 JavaThread "Framework Event Dispatcher: Equinox Container: ee9124f1-d0b4-4ecc-818d-4c945ddf2d43" daemon [_thread_blocked, id=23768, stack(0x000000cb98600000,0x000000cb98700000) (1024K)]
  0x00000210574e4fb0 JavaThread "Start Level: Equinox Container: ee9124f1-d0b4-4ecc-818d-4c945ddf2d43" daemon [_thread_blocked, id=23780, stack(0x000000cb98700000,0x000000cb98800000) (1024K)]
  0x000002109da04510 JavaThread "Bundle File Closer"         daemon [_thread_blocked, id=24476, stack(0x000000cb99100000,0x000000cb99200000) (1024K)]
  0x000002109d739a80 JavaThread "SCR Component Actor"        daemon [_thread_blocked, id=24420, stack(0x000000cb98a00000,0x000000cb98b00000) (1024K)]
  0x0000021057557f40 JavaThread "Worker-JM"                         [_thread_blocked, id=7860, stack(0x000000cb99800000,0x000000cb99900000) (1024K)]
  0x0000021057917950 JavaThread "JNA Cleaner"                daemon [_thread_blocked, id=21356, stack(0x000000cb99500000,0x000000cb99600000) (1024K)]
  0x0000021057b6f7f0 JavaThread "Java indexing"              daemon [_thread_blocked, id=15788, stack(0x000000cb9a400000,0x000000cb9a500000) (1024K)]
  0x0000021057b6ead0 JavaThread "Thread-1"                   daemon [_thread_in_native, id=19564, stack(0x000000cb9ad00000,0x000000cb9ae00000) (1024K)]
  0x0000021057b6d090 JavaThread "Thread-2"                   daemon [_thread_in_native, id=12796, stack(0x000000cb9ae00000,0x000000cb9af00000) (1024K)]
  0x000002109f532460 JavaThread "Thread-3"                   daemon [_thread_in_native, id=11096, stack(0x000000cb9af00000,0x000000cb9b000000) (1024K)]
  0x000002109f532af0 JavaThread "Thread-4"                   daemon [_thread_in_native, id=18668, stack(0x000000cb9b000000,0x000000cb9b100000) (1024K)]
  0x000002109f533180 JavaThread "Thread-5"                   daemon [_thread_in_native, id=15756, stack(0x000000cb9b100000,0x000000cb9b200000) (1024K)]
  0x000002109f531dd0 JavaThread "Thread-6"                   daemon [_thread_in_native, id=23872, stack(0x000000cb9b200000,0x000000cb9b300000) (1024K)]
  0x000002109f531740 JavaThread "Thread-7"                   daemon [_thread_in_native, id=22760, stack(0x000000cb9b300000,0x000000cb9b400000) (1024K)]
  0x000002109f52fd00 JavaThread "Thread-8"                   daemon [_thread_in_native, id=7716, stack(0x000000cb9b400000,0x000000cb9b500000) (1024K)]
  0x000002109f533810 JavaThread "Thread-9"                   daemon [_thread_in_native, id=11324, stack(0x000000cb9b500000,0x000000cb9b600000) (1024K)]
  0x000002109f530390 JavaThread "Thread-10"                  daemon [_thread_in_native, id=12744, stack(0x000000cb9b600000,0x000000cb9b700000) (1024K)]
  0x000002109f533ea0 JavaThread "Thread-11"                  daemon [_thread_in_native, id=24088, stack(0x000000cb9b700000,0x000000cb9b800000) (1024K)]
  0x000002109f5310b0 JavaThread "Thread-12"                  daemon [_thread_in_native, id=6956, stack(0x000000cb9b800000,0x000000cb9b900000) (1024K)]
  0x000002109f530a20 JavaThread "Thread-13"                  daemon [_thread_in_native, id=23832, stack(0x000000cb9b900000,0x000000cb9ba00000) (1024K)]
  0x000002109f535250 JavaThread "Thread-14"                  daemon [_thread_in_native, id=16296, stack(0x000000cb9ba00000,0x000000cb9bb00000) (1024K)]
  0x000002109f537320 JavaThread "Thread-15"                  daemon [_thread_in_native, id=11328, stack(0x000000cb9bb00000,0x000000cb9bc00000) (1024K)]
  0x000002109f534530 JavaThread "Thread-16"                  daemon [_thread_in_native, id=22120, stack(0x000000cb9bc00000,0x000000cb9bd00000) (1024K)]
  0x000002109f534bc0 JavaThread "Thread-17"                  daemon [_thread_in_native, id=23928, stack(0x000000cb9bd00000,0x000000cb9be00000) (1024K)]
  0x000002109f5358e0 JavaThread "pool-2-thread-1"                   [_thread_blocked, id=19800, stack(0x000000cb9be00000,0x000000cb9bf00000) (1024K)]
  0x00000210a965f430 JavaThread "WorkspaceEventsHandler"            [_thread_blocked, id=24616, stack(0x000000cb9d000000,0x000000cb9d100000) (1024K)]
  0x00000210a965bfb0 JavaThread "pool-1-thread-1"                   [_thread_blocked, id=24620, stack(0x000000cb9d100000,0x000000cb9d200000) (1024K)]
  0x00000210abb92520 JavaThread "Cleaner-0"                  daemon [_thread_blocked, id=24228, stack(0x000000cb97100000,0x000000cb97200000) (1024K)]
  0x00000210a18cbee0 JavaThread "Worker-9"                          [_thread_blocked, id=26992, stack(0x000000cb97200000,0x000000cb97300000) (1024K)]
  0x00000210a98c5be0 JavaThread "Worker-10"                         [_thread_blocked, id=27360, stack(0x000000cb97300000,0x000000cb97400000) (1024K)]
  0x00000210a1474ff0 JavaThread "Java Debug Server"          daemon [_thread_in_native, id=19484, stack(0x000000cb99300000,0x000000cb99400000) (1024K)]
  0x00000210a1475680 JavaThread "pool-5-thread-1"                   [_thread_in_native, id=22460, stack(0x000000cb99400000,0x000000cb99500000) (1024K)]
  0x00000210a1472890 JavaThread "RxSchedulerPurge-1"         daemon [_thread_blocked, id=5932, stack(0x000000cb99600000,0x000000cb99700000) (1024K)]
  0x00000210a14742d0 JavaThread "RxCachedWorkerPoolEvictor-1" daemon [_thread_blocked, id=14632, stack(0x000000cb99700000,0x000000cb99800000) (1024K)]
  0x00000210a1474960 JavaThread "RxNewThreadScheduler-1"     daemon [_thread_blocked, id=13948, stack(0x000000cb99900000,0x000000cb99a00000) (1024K)]
  0x00000210a1473c40 JavaThread "Packet Receive Manager"     daemon [_thread_in_native, id=2248, stack(0x000000cb99a00000,0x000000cb99b00000) (1024K)]
  0x00000210a1472f20 JavaThread "Packet Send Manager"        daemon [_thread_blocked, id=22172, stack(0x000000cb99b00000,0x000000cb99c00000) (1024K)]
  0x00000210a14763a0 JavaThread "Event Hub"                  daemon [_thread_blocked, id=300, stack(0x000000cb99c00000,0x000000cb99d00000) (1024K)]
Total: 51

Other Threads:
  0x0000021057321df0 VMThread "VM Thread"                           [id=3876, stack(0x000000cb97b00000,0x000000cb97c00000) (1024K)]
  0x00000210573f1360 WatcherThread "VM Periodic Task Thread"        [id=22240, stack(0x000000cb97a00000,0x000000cb97b00000) (1024K)]
  0x000002103f162a40 WorkerThread "GC Thread#0"                     [id=3384, stack(0x000000cb97500000,0x000000cb97600000) (1024K)]
  0x0000021057c02d10 WorkerThread "GC Thread#1"                     [id=21844, stack(0x000000cb98b00000,0x000000cb98c00000) (1024K)]
  0x0000021057c01750 WorkerThread "GC Thread#2"                     [id=23344, stack(0x000000cb98c00000,0x000000cb98d00000) (1024K)]
  0x0000021057c01af0 WorkerThread "GC Thread#3"                     [id=23148, stack(0x000000cb98d00000,0x000000cb98e00000) (1024K)]
  0x0000021057c01e90 WorkerThread "GC Thread#4"                     [id=23336, stack(0x000000cb98e00000,0x000000cb98f00000) (1024K)]
  0x0000021057c02230 WorkerThread "GC Thread#5"                     [id=6296, stack(0x000000cb98f00000,0x000000cb99000000) (1024K)]
  0x0000021057c025d0 WorkerThread "GC Thread#6"                     [id=8400, stack(0x000000cb99000000,0x000000cb99100000) (1024K)]
  0x0000021057c02970 WorkerThread "GC Thread#7"                     [id=23784, stack(0x000000cb98800000,0x000000cb98900000) (1024K)]
  0x0000021057e8c430 WorkerThread "GC Thread#8"                     [id=19372, stack(0x000000cb99d00000,0x000000cb99e00000) (1024K)]
  0x0000021057e8a390 WorkerThread "GC Thread#9"                     [id=8472, stack(0x000000cb99e00000,0x000000cb99f00000) (1024K)]
  0x0000021057e8aad0 WorkerThread "GC Thread#10"                    [id=23588, stack(0x000000cb99f00000,0x000000cb9a000000) (1024K)]
  0x0000021057e89c50 WorkerThread "GC Thread#11"                    [id=23580, stack(0x000000cb9a000000,0x000000cb9a100000) (1024K)]
  0x0000021057e8c7d0 WorkerThread "GC Thread#12"                    [id=23584, stack(0x000000cb9a100000,0x000000cb9a200000) (1024K)]
  0x000002103f173930 ConcurrentGCThread "G1 Main Marker"            [id=3488, stack(0x000000cb97600000,0x000000cb97700000) (1024K)]
  0x000002103f175960 WorkerThread "G1 Conc#0"                       [id=10176, stack(0x000000cb97700000,0x000000cb97800000) (1024K)]
  0x0000021057e89170 WorkerThread "G1 Conc#1"                       [id=23576, stack(0x000000cb9a200000,0x000000cb9a300000) (1024K)]
  0x0000021057e8b210 WorkerThread "G1 Conc#2"                       [id=13184, stack(0x000000cb9a300000,0x000000cb9a400000) (1024K)]
  0x0000021057264bf0 ConcurrentGCThread "G1 Refine#0"               [id=22292, stack(0x000000cb97800000,0x000000cb97900000) (1024K)]
  0x0000021057268430 ConcurrentGCThread "G1 Service"                [id=4852, stack(0x000000cb97900000,0x000000cb97a00000) (1024K)]
Total: 21

Threads with active compile tasks:
Total: 0

VM state: not at safepoint (normal execution)

VM Mutex/Monitor currently owned by a thread: None

Heap address: 0x0000000080000000, size: 2048 MB, Compressed Oops mode: 32-bit

CDS archive(s) mapped at: [0x0000021058000000-0x0000021058ba0000-0x0000021058ba0000), size 12189696, SharedBaseAddress: 0x0000021058000000, ArchiveRelocationMode: 1.
Compressed class space mapped at: 0x0000021059000000-0x0000021099000000, reserved size: 1073741824
Narrow klass base: 0x0000021058000000, Narrow klass shift: 0, Narrow klass range: 0x100000000

GC Precious Log:
 CardTable entry size: 512
 Card Set container configuration: InlinePtr #cards 5 size 8 Array Of Cards #cards 12 size 40 Howl #buckets 4 coarsen threshold 1843 Howl Bitmap #cards 512 size 80 coarsen threshold 460 Card regions per heap region 1 cards per card region 2048
 CPUs: 16 total, 16 available
 Memory: 16122M
 Large Page Support: Disabled
 NUMA Support: Disabled
 Compressed Oops: Enabled (32-bit)
 Heap Region Size: 1M
 Heap Min Capacity: 8M
 Heap Initial Capacity: 252M
 Heap Max Capacity: 2G
 Pre-touch: Disabled
 Parallel Workers: 13
 Concurrent Workers: 3
 Concurrent Refinement Workers: 13
 Periodic GC: Disabled

Heap:
 garbage-first heap   total 240640K, used 164397K [0x0000000080000000, 0x0000000100000000)
  region size 1024K, 50 young (51200K), 10 survivors (10240K)
 Metaspace       used 80081K, committed 81856K, reserved 1179648K
  class space    used 8421K, committed 9216K, reserved 1048576K

Heap Regions: E=young(eden), S=young(survivor), O=old, HS=humongous(starts), HC=humongous(continues), CS=collection set, F=free, TAMS=top-at-mark-start, PB=parsable bottom
|   0|0x0000000080000000, 0x0000000080100000, 0x0000000080100000|100%| O|  |TAMS 0x0000000080000000| PB 0x0000000080000000| Untracked 
|   1|0x0000000080100000, 0x0000000080200000, 0x0000000080200000|100%| O|  |TAMS 0x0000000080100000| PB 0x0000000080100000| Untracked 
|   2|0x0000000080200000, 0x0000000080300000, 0x0000000080300000|100%| O|  |TAMS 0x0000000080200000| PB 0x0000000080200000| Untracked 
|   3|0x0000000080300000, 0x0000000080400000, 0x0000000080400000|100%| O|  |TAMS 0x0000000080300000| PB 0x0000000080300000| Untracked 
|   4|0x0000000080400000, 0x0000000080500000, 0x0000000080500000|100%|HS|  |TAMS 0x0000000080400000| PB 0x0000000080400000| Complete 
|   5|0x0000000080500000, 0x0000000080600000, 0x0000000080600000|100%|HS|  |TAMS 0x0000000080500000| PB 0x0000000080500000| Complete 
|   6|0x0000000080600000, 0x0000000080700000, 0x0000000080700000|100%| O|  |TAMS 0x0000000080600000| PB 0x0000000080600000| Untracked 
|   7|0x0000000080700000, 0x0000000080800000, 0x0000000080800000|100%| O|  |TAMS 0x0000000080700000| PB 0x0000000080700000| Untracked 
|   8|0x0000000080800000, 0x0000000080900000, 0x0000000080900000|100%| O|  |TAMS 0x0000000080800000| PB 0x0000000080800000| Untracked 
|   9|0x0000000080900000, 0x0000000080a00000, 0x0000000080a00000|100%| O|  |TAMS 0x0000000080900000| PB 0x0000000080900000| Untracked 
|  10|0x0000000080a00000, 0x0000000080b00000, 0x0000000080b00000|100%| O|  |TAMS 0x0000000080a00000| PB 0x0000000080a00000| Untracked 
|  11|0x0000000080b00000, 0x0000000080c00000, 0x0000000080c00000|100%| O|  |TAMS 0x0000000080b00000| PB 0x0000000080b00000| Untracked 
|  12|0x0000000080c00000, 0x0000000080d00000, 0x0000000080d00000|100%| O|  |TAMS 0x0000000080c00000| PB 0x0000000080c00000| Untracked 
|  13|0x0000000080d00000, 0x0000000080e00000, 0x0000000080e00000|100%| O|  |TAMS 0x0000000080d00000| PB 0x0000000080d00000| Untracked 
|  14|0x0000000080e00000, 0x0000000080f00000, 0x0000000080f00000|100%| O|  |TAMS 0x0000000080e00000| PB 0x0000000080e00000| Untracked 
|  15|0x0000000080f00000, 0x0000000081000000, 0x0000000081000000|100%| O|  |TAMS 0x0000000080f00000| PB 0x0000000080f00000| Untracked 
|  16|0x0000000081000000, 0x0000000081100000, 0x0000000081100000|100%| O|  |TAMS 0x0000000081000000| PB 0x0000000081000000| Untracked 
|  17|0x0000000081100000, 0x0000000081200000, 0x0000000081200000|100%| O|  |TAMS 0x0000000081100000| PB 0x0000000081100000| Untracked 
|  18|0x0000000081200000, 0x0000000081300000, 0x0000000081300000|100%| O|  |TAMS 0x0000000081200000| PB 0x0000000081200000| Untracked 
|  19|0x0000000081300000, 0x0000000081400000, 0x0000000081400000|100%| O|  |TAMS 0x0000000081300000| PB 0x0000000081300000| Untracked 
|  20|0x0000000081400000, 0x0000000081500000, 0x0000000081500000|100%| O|  |TAMS 0x0000000081400000| PB 0x0000000081400000| Untracked 
|  21|0x0000000081500000, 0x0000000081600000, 0x0000000081600000|100%| O|  |TAMS 0x0000000081500000| PB 0x0000000081500000| Untracked 
|  22|0x0000000081600000, 0x0000000081700000, 0x0000000081700000|100%| O|  |TAMS 0x0000000081600000| PB 0x0000000081600000| Untracked 
|  23|0x0000000081700000, 0x0000000081800000, 0x0000000081800000|100%| O|  |TAMS 0x0000000081700000| PB 0x0000000081700000| Untracked 
|  24|0x0000000081800000, 0x0000000081900000, 0x0000000081900000|100%| O|  |TAMS 0x0000000081800000| PB 0x0000000081800000| Untracked 
|  25|0x0000000081900000, 0x0000000081a00000, 0x0000000081a00000|100%| O|  |TAMS 0x0000000081900000| PB 0x0000000081900000| Untracked 
|  26|0x0000000081a00000, 0x0000000081b00000, 0x0000000081b00000|100%| O|  |TAMS 0x0000000081a00000| PB 0x0000000081a00000| Untracked 
|  27|0x0000000081b00000, 0x0000000081c00000, 0x0000000081c00000|100%| O|  |TAMS 0x0000000081b00000| PB 0x0000000081b00000| Untracked 
|  28|0x0000000081c00000, 0x0000000081d00000, 0x0000000081d00000|100%| O|  |TAMS 0x0000000081c00000| PB 0x0000000081c00000| Untracked 
|  29|0x0000000081d00000, 0x0000000081e00000, 0x0000000081e00000|100%| O|  |TAMS 0x0000000081d00000| PB 0x0000000081d00000| Untracked 
|  30|0x0000000081e00000, 0x0000000081f00000, 0x0000000081f00000|100%| O|  |TAMS 0x0000000081e00000| PB 0x0000000081e00000| Untracked 
|  31|0x0000000081f00000, 0x0000000082000000, 0x0000000082000000|100%| O|  |TAMS 0x0000000081f00000| PB 0x0000000081f00000| Untracked 
|  32|0x0000000082000000, 0x0000000082100000, 0x0000000082100000|100%| O|  |TAMS 0x0000000082000000| PB 0x0000000082000000| Untracked 
|  33|0x0000000082100000, 0x0000000082200000, 0x0000000082200000|100%| O|  |TAMS 0x0000000082100000| PB 0x0000000082100000| Untracked 
|  34|0x0000000082200000, 0x0000000082300000, 0x0000000082300000|100%| O|  |TAMS 0x0000000082200000| PB 0x0000000082200000| Untracked 
|  35|0x0000000082300000, 0x0000000082400000, 0x0000000082400000|100%| O|  |TAMS 0x0000000082300000| PB 0x0000000082300000| Untracked 
|  36|0x0000000082400000, 0x0000000082500000, 0x0000000082500000|100%| O|  |TAMS 0x0000000082400000| PB 0x0000000082400000| Untracked 
|  37|0x0000000082500000, 0x0000000082600000, 0x0000000082600000|100%| O|  |TAMS 0x0000000082500000| PB 0x0000000082500000| Untracked 
|  38|0x0000000082600000, 0x0000000082700000, 0x0000000082700000|100%| O|  |TAMS 0x0000000082600000| PB 0x0000000082600000| Untracked 
|  39|0x0000000082700000, 0x0000000082800000, 0x0000000082800000|100%| O|  |TAMS 0x0000000082700000| PB 0x0000000082700000| Untracked 
|  40|0x0000000082800000, 0x0000000082900000, 0x0000000082900000|100%| O|  |TAMS 0x0000000082800000| PB 0x0000000082800000| Untracked 
|  41|0x0000000082900000, 0x0000000082a00000, 0x0000000082a00000|100%| O|  |TAMS 0x0000000082900000| PB 0x0000000082900000| Untracked 
|  42|0x0000000082a00000, 0x0000000082b00000, 0x0000000082b00000|100%| O|  |TAMS 0x0000000082a00000| PB 0x0000000082a00000| Untracked 
|  43|0x0000000082b00000, 0x0000000082c00000, 0x0000000082c00000|100%| O|  |TAMS 0x0000000082b00000| PB 0x0000000082b00000| Untracked 
|  44|0x0000000082c00000, 0x0000000082d00000, 0x0000000082d00000|100%| O|  |TAMS 0x0000000082c00000| PB 0x0000000082c00000| Untracked 
|  45|0x0000000082d00000, 0x0000000082e00000, 0x0000000082e00000|100%| O|  |TAMS 0x0000000082d00000| PB 0x0000000082d00000| Untracked 
|  46|0x0000000082e00000, 0x0000000082f00000, 0x0000000082f00000|100%| O|  |TAMS 0x0000000082e00000| PB 0x0000000082e00000| Untracked 
|  47|0x0000000082f00000, 0x0000000083000000, 0x0000000083000000|100%| O|  |TAMS 0x0000000082f00000| PB 0x0000000082f00000| Untracked 
|  48|0x0000000083000000, 0x0000000083100000, 0x0000000083100000|100%| O|  |TAMS 0x0000000083000000| PB 0x0000000083000000| Untracked 
|  49|0x0000000083100000, 0x0000000083200000, 0x0000000083200000|100%| O|  |TAMS 0x0000000083100000| PB 0x0000000083100000| Untracked 
|  50|0x0000000083200000, 0x0000000083300000, 0x0000000083300000|100%| O|  |TAMS 0x0000000083200000| PB 0x0000000083200000| Untracked 
|  51|0x0000000083300000, 0x0000000083400000, 0x0000000083400000|100%|HS|  |TAMS 0x0000000083300000| PB 0x0000000083300000| Complete 
|  52|0x0000000083400000, 0x0000000083500000, 0x0000000083500000|100%| O|  |TAMS 0x0000000083400000| PB 0x0000000083400000| Untracked 
|  53|0x0000000083500000, 0x0000000083600000, 0x0000000083600000|100%| O|  |TAMS 0x0000000083500000| PB 0x0000000083500000| Untracked 
|  54|0x0000000083600000, 0x0000000083700000, 0x0000000083700000|100%| O|Cm|TAMS 0x0000000083600000| PB 0x0000000083600000| Complete 
|  55|0x0000000083700000, 0x0000000083800000, 0x0000000083800000|100%| O|Cm|TAMS 0x0000000083700000| PB 0x0000000083700000| Complete 
|  56|0x0000000083800000, 0x0000000083900000, 0x0000000083900000|100%| O|Cm|TAMS 0x0000000083800000| PB 0x0000000083800000| Complete 
|  57|0x0000000083900000, 0x0000000083a00000, 0x0000000083a00000|100%|HS|  |TAMS 0x0000000083900000| PB 0x0000000083900000| Complete 
|  58|0x0000000083a00000, 0x0000000083b00000, 0x0000000083b00000|100%| O|Cm|TAMS 0x0000000083a00000| PB 0x0000000083a00000| Complete 
|  59|0x0000000083b00000, 0x0000000083c00000, 0x0000000083c00000|100%| O|  |TAMS 0x0000000083b00000| PB 0x0000000083b00000| Untracked 
|  60|0x0000000083c00000, 0x0000000083d00000, 0x0000000083d00000|100%| O|  |TAMS 0x0000000083c00000| PB 0x0000000083c00000| Untracked 
|  61|0x0000000083d00000, 0x0000000083e00000, 0x0000000083e00000|100%| O|  |TAMS 0x0000000083d00000| PB 0x0000000083d00000| Untracked 
|  62|0x0000000083e00000, 0x0000000083f00000, 0x0000000083f00000|100%| O|  |TAMS 0x0000000083e00000| PB 0x0000000083e00000| Untracked 
|  63|0x0000000083f00000, 0x0000000084000000, 0x0000000084000000|100%| O|  |TAMS 0x0000000083f00000| PB 0x0000000083f00000| Untracked 
|  64|0x0000000084000000, 0x0000000084100000, 0x0000000084100000|100%| O|  |TAMS 0x0000000084000000| PB 0x0000000084000000| Untracked 
|  65|0x0000000084100000, 0x0000000084200000, 0x0000000084200000|100%| O|  |TAMS 0x0000000084100000| PB 0x0000000084100000| Untracked 
|  66|0x0000000084200000, 0x0000000084300000, 0x0000000084300000|100%| O|  |TAMS 0x0000000084200000| PB 0x0000000084200000| Untracked 
|  67|0x0000000084300000, 0x0000000084400000, 0x0000000084400000|100%| O|  |TAMS 0x0000000084300000| PB 0x0000000084300000| Untracked 
|  68|0x0000000084400000, 0x0000000084500000, 0x0000000084500000|100%| O|  |TAMS 0x0000000084400000| PB 0x0000000084400000| Untracked 
|  69|0x0000000084500000, 0x0000000084600000, 0x0000000084600000|100%| O|  |TAMS 0x0000000084500000| PB 0x0000000084500000| Untracked 
|  70|0x0000000084600000, 0x0000000084700000, 0x0000000084700000|100%| O|  |TAMS 0x0000000084600000| PB 0x0000000084600000| Untracked 
|  71|0x0000000084700000, 0x0000000084800000, 0x0000000084800000|100%| O|Cm|TAMS 0x0000000084700000| PB 0x0000000084700000| Complete 
|  72|0x0000000084800000, 0x0000000084900000, 0x0000000084900000|100%| O|Cm|TAMS 0x0000000084800000| PB 0x0000000084800000| Complete 
|  73|0x0000000084900000, 0x0000000084a00000, 0x0000000084a00000|100%| O|Cm|TAMS 0x0000000084900000| PB 0x0000000084900000| Complete 
|  74|0x0000000084a00000, 0x0000000084b00000, 0x0000000084b00000|100%| O|Cm|TAMS 0x0000000084a00000| PB 0x0000000084a00000| Complete 
|  75|0x0000000084b00000, 0x0000000084c00000, 0x0000000084c00000|100%| O|  |TAMS 0x0000000084b00000| PB 0x0000000084b00000| Untracked 
|  76|0x0000000084c00000, 0x0000000084d00000, 0x0000000084d00000|100%| O|  |TAMS 0x0000000084c00000| PB 0x0000000084c00000| Untracked 
|  77|0x0000000084d00000, 0x0000000084e00000, 0x0000000084e00000|100%| O|Cm|TAMS 0x0000000084d00000| PB 0x0000000084d00000| Complete 
|  78|0x0000000084e00000, 0x0000000084f00000, 0x0000000084f00000|100%| O|  |TAMS 0x0000000084e00000| PB 0x0000000084e00000| Untracked 
|  79|0x0000000084f00000, 0x0000000085000000, 0x0000000085000000|100%|HS|  |TAMS 0x0000000084f00000| PB 0x0000000084f00000| Complete 
|  80|0x0000000085000000, 0x0000000085100000, 0x0000000085100000|100%|HS|  |TAMS 0x0000000085000000| PB 0x0000000085000000| Complete 
|  81|0x0000000085100000, 0x0000000085200000, 0x0000000085200000|100%|HS|  |TAMS 0x0000000085100000| PB 0x0000000085100000| Complete 
|  82|0x0000000085200000, 0x0000000085300000, 0x0000000085300000|100%|HS|  |TAMS 0x0000000085200000| PB 0x0000000085200000| Complete 
|  83|0x0000000085300000, 0x0000000085400000, 0x0000000085400000|100%|HS|  |TAMS 0x0000000085300000| PB 0x0000000085300000| Complete 
|  84|0x0000000085400000, 0x0000000085400000, 0x0000000085500000|  0%| F|  |TAMS 0x0000000085400000| PB 0x0000000085400000| Untracked 
|  85|0x0000000085500000, 0x0000000085500000, 0x0000000085600000|  0%| F|  |TAMS 0x0000000085500000| PB 0x0000000085500000| Untracked 
|  86|0x0000000085600000, 0x0000000085600000, 0x0000000085700000|  0%| F|  |TAMS 0x0000000085600000| PB 0x0000000085600000| Untracked 
|  87|0x0000000085700000, 0x0000000085700000, 0x0000000085800000|  0%| F|  |TAMS 0x0000000085700000| PB 0x0000000085700000| Untracked 
|  88|0x0000000085800000, 0x0000000085800000, 0x0000000085900000|  0%| F|  |TAMS 0x0000000085800000| PB 0x0000000085800000| Untracked 
|  89|0x0000000085900000, 0x0000000085900000, 0x0000000085a00000|  0%| F|  |TAMS 0x0000000085900000| PB 0x0000000085900000| Untracked 
|  90|0x0000000085a00000, 0x0000000085a00000, 0x0000000085b00000|  0%| F|  |TAMS 0x0000000085a00000| PB 0x0000000085a00000| Untracked 
|  91|0x0000000085b00000, 0x0000000085b00000, 0x0000000085c00000|  0%| F|  |TAMS 0x0000000085b00000| PB 0x0000000085b00000| Untracked 
|  92|0x0000000085c00000, 0x0000000085c00000, 0x0000000085d00000|  0%| F|  |TAMS 0x0000000085c00000| PB 0x0000000085c00000| Untracked 
|  93|0x0000000085d00000, 0x0000000085d00000, 0x0000000085e00000|  0%| F|  |TAMS 0x0000000085d00000| PB 0x0000000085d00000| Untracked 
|  94|0x0000000085e00000, 0x0000000085e00000, 0x0000000085f00000|  0%| F|  |TAMS 0x0000000085e00000| PB 0x0000000085e00000| Untracked 
|  95|0x0000000085f00000, 0x0000000085f00000, 0x0000000086000000|  0%| F|  |TAMS 0x0000000085f00000| PB 0x0000000085f00000| Untracked 
|  96|0x0000000086000000, 0x0000000086000000, 0x0000000086100000|  0%| F|  |TAMS 0x0000000086000000| PB 0x0000000086000000| Untracked 
|  97|0x0000000086100000, 0x0000000086100000, 0x0000000086200000|  0%| F|  |TAMS 0x0000000086100000| PB 0x0000000086100000| Untracked 
|  98|0x0000000086200000, 0x0000000086200000, 0x0000000086300000|  0%| F|  |TAMS 0x0000000086200000| PB 0x0000000086200000| Untracked 
|  99|0x0000000086300000, 0x0000000086300000, 0x0000000086400000|  0%| F|  |TAMS 0x0000000086300000| PB 0x0000000086300000| Untracked 
| 100|0x0000000086400000, 0x0000000086400000, 0x0000000086500000|  0%| F|  |TAMS 0x0000000086400000| PB 0x0000000086400000| Untracked 
| 101|0x0000000086500000, 0x0000000086500000, 0x0000000086600000|  0%| F|  |TAMS 0x0000000086500000| PB 0x0000000086500000| Untracked 
| 102|0x0000000086600000, 0x0000000086600000, 0x0000000086700000|  0%| F|  |TAMS 0x0000000086600000| PB 0x0000000086600000| Untracked 
| 103|0x0000000086700000, 0x0000000086700000, 0x0000000086800000|  0%| F|  |TAMS 0x0000000086700000| PB 0x0000000086700000| Untracked 
| 104|0x0000000086800000, 0x0000000086800000, 0x0000000086900000|  0%| F|  |TAMS 0x0000000086800000| PB 0x0000000086800000| Untracked 
| 105|0x0000000086900000, 0x0000000086900000, 0x0000000086a00000|  0%| F|  |TAMS 0x0000000086900000| PB 0x0000000086900000| Untracked 
| 106|0x0000000086a00000, 0x0000000086a00000, 0x0000000086b00000|  0%| F|  |TAMS 0x0000000086a00000| PB 0x0000000086a00000| Untracked 
| 107|0x0000000086b00000, 0x0000000086b00000, 0x0000000086c00000|  0%| F|  |TAMS 0x0000000086b00000| PB 0x0000000086b00000| Untracked 
| 108|0x0000000086c00000, 0x0000000086c00000, 0x0000000086d00000|  0%| F|  |TAMS 0x0000000086c00000| PB 0x0000000086c00000| Untracked 
| 109|0x0000000086d00000, 0x0000000086d00000, 0x0000000086e00000|  0%| F|  |TAMS 0x0000000086d00000| PB 0x0000000086d00000| Untracked 
| 110|0x0000000086e00000, 0x0000000086e00000, 0x0000000086f00000|  0%| F|  |TAMS 0x0000000086e00000| PB 0x0000000086e00000| Untracked 
| 111|0x0000000086f00000, 0x0000000086f00000, 0x0000000087000000|  0%| F|  |TAMS 0x0000000086f00000| PB 0x0000000086f00000| Untracked 
| 112|0x0000000087000000, 0x0000000087000000, 0x0000000087100000|  0%| F|  |TAMS 0x0000000087000000| PB 0x0000000087000000| Untracked 
| 113|0x0000000087100000, 0x0000000087100000, 0x0000000087200000|  0%| F|  |TAMS 0x0000000087100000| PB 0x0000000087100000| Untracked 
| 114|0x0000000087200000, 0x0000000087200000, 0x0000000087300000|  0%| F|  |TAMS 0x0000000087200000| PB 0x0000000087200000| Untracked 
| 115|0x0000000087300000, 0x0000000087300000, 0x0000000087400000|  0%| F|  |TAMS 0x0000000087300000| PB 0x0000000087300000| Untracked 
| 116|0x0000000087400000, 0x0000000087400000, 0x0000000087500000|  0%| F|  |TAMS 0x0000000087400000| PB 0x0000000087400000| Untracked 
| 117|0x0000000087500000, 0x0000000087500000, 0x0000000087600000|  0%| F|  |TAMS 0x0000000087500000| PB 0x0000000087500000| Untracked 
| 118|0x0000000087600000, 0x0000000087600000, 0x0000000087700000|  0%| F|  |TAMS 0x0000000087600000| PB 0x0000000087600000| Untracked 
| 119|0x0000000087700000, 0x0000000087700000, 0x0000000087800000|  0%| F|  |TAMS 0x0000000087700000| PB 0x0000000087700000| Untracked 
| 120|0x0000000087800000, 0x0000000087800000, 0x0000000087900000|  0%| F|  |TAMS 0x0000000087800000| PB 0x0000000087800000| Untracked 
| 121|0x0000000087900000, 0x0000000087a00000, 0x0000000087a00000|100%| O|  |TAMS 0x0000000087900000| PB 0x0000000087900000| Untracked 
| 122|0x0000000087a00000, 0x0000000087b00000, 0x0000000087b00000|100%| O|  |TAMS 0x0000000087a00000| PB 0x0000000087a00000| Untracked 
| 123|0x0000000087b00000, 0x0000000087c00000, 0x0000000087c00000|100%| O|  |TAMS 0x0000000087b00000| PB 0x0000000087b00000| Untracked 
| 124|0x0000000087c00000, 0x0000000087d00000, 0x0000000087d00000|100%| O|  |TAMS 0x0000000087c00000| PB 0x0000000087c00000| Untracked 
| 125|0x0000000087d00000, 0x0000000087e00000, 0x0000000087e00000|100%| O|  |TAMS 0x0000000087d00000| PB 0x0000000087d00000| Untracked 
| 126|0x0000000087e00000, 0x0000000087f00000, 0x0000000087f00000|100%| O|  |TAMS 0x0000000087e00000| PB 0x0000000087e00000| Untracked 
| 127|0x0000000087f00000, 0x0000000088000000, 0x0000000088000000|100%| O|  |TAMS 0x0000000087f00000| PB 0x0000000087f00000| Untracked 
| 128|0x0000000088000000, 0x0000000088100000, 0x0000000088100000|100%| O|  |TAMS 0x0000000088000000| PB 0x0000000088000000| Untracked 
| 129|0x0000000088100000, 0x0000000088200000, 0x0000000088200000|100%| S|CS|TAMS 0x0000000088100000| PB 0x0000000088100000| Complete 
| 130|0x0000000088200000, 0x0000000088300000, 0x0000000088300000|100%| S|CS|TAMS 0x0000000088200000| PB 0x0000000088200000| Complete 
| 131|0x0000000088300000, 0x0000000088400000, 0x0000000088400000|100%| S|CS|TAMS 0x0000000088300000| PB 0x0000000088300000| Complete 
| 132|0x0000000088400000, 0x0000000088500000, 0x0000000088500000|100%| S|CS|TAMS 0x0000000088400000| PB 0x0000000088400000| Complete 
| 133|0x0000000088500000, 0x0000000088600000, 0x0000000088600000|100%| S|CS|TAMS 0x0000000088500000| PB 0x0000000088500000| Complete 
| 134|0x0000000088600000, 0x0000000088700000, 0x0000000088700000|100%| S|CS|TAMS 0x0000000088600000| PB 0x0000000088600000| Complete 
| 135|0x0000000088700000, 0x0000000088800000, 0x0000000088800000|100%| S|CS|TAMS 0x0000000088700000| PB 0x0000000088700000| Complete 
| 136|0x0000000088800000, 0x0000000088900000, 0x0000000088900000|100%| S|CS|TAMS 0x0000000088800000| PB 0x0000000088800000| Complete 
| 137|0x0000000088900000, 0x0000000088a00000, 0x0000000088a00000|100%| S|CS|TAMS 0x0000000088900000| PB 0x0000000088900000| Complete 
| 138|0x0000000088a00000, 0x0000000088b00000, 0x0000000088b00000|100%| S|CS|TAMS 0x0000000088a00000| PB 0x0000000088a00000| Complete 
| 139|0x0000000088b00000, 0x0000000088b00000, 0x0000000088c00000|  0%| F|  |TAMS 0x0000000088b00000| PB 0x0000000088b00000| Untracked 
| 140|0x0000000088c00000, 0x0000000088c00000, 0x0000000088d00000|  0%| F|  |TAMS 0x0000000088c00000| PB 0x0000000088c00000| Untracked 
| 141|0x0000000088d00000, 0x0000000088d00000, 0x0000000088e00000|  0%| F|  |TAMS 0x0000000088d00000| PB 0x0000000088d00000| Untracked 
| 142|0x0000000088e00000, 0x0000000088e00000, 0x0000000088f00000|  0%| F|  |TAMS 0x0000000088e00000| PB 0x0000000088e00000| Untracked 
| 143|0x0000000088f00000, 0x0000000088f00000, 0x0000000089000000|  0%| F|  |TAMS 0x0000000088f00000| PB 0x0000000088f00000| Untracked 
| 144|0x0000000089000000, 0x0000000089000000, 0x0000000089100000|  0%| F|  |TAMS 0x0000000089000000| PB 0x0000000089000000| Untracked 
| 145|0x0000000089100000, 0x0000000089100000, 0x0000000089200000|  0%| F|  |TAMS 0x0000000089100000| PB 0x0000000089100000| Untracked 
| 146|0x0000000089200000, 0x0000000089200000, 0x0000000089300000|  0%| F|  |TAMS 0x0000000089200000| PB 0x0000000089200000| Untracked 
| 147|0x0000000089300000, 0x0000000089300000, 0x0000000089400000|  0%| F|  |TAMS 0x0000000089300000| PB 0x0000000089300000| Untracked 
| 148|0x0000000089400000, 0x0000000089400000, 0x0000000089500000|  0%| F|  |TAMS 0x0000000089400000| PB 0x0000000089400000| Untracked 
| 149|0x0000000089500000, 0x0000000089500000, 0x0000000089600000|  0%| F|  |TAMS 0x0000000089500000| PB 0x0000000089500000| Untracked 
| 150|0x0000000089600000, 0x0000000089600000, 0x0000000089700000|  0%| F|  |TAMS 0x0000000089600000| PB 0x0000000089600000| Untracked 
| 151|0x0000000089700000, 0x0000000089700000, 0x0000000089800000|  0%| F|  |TAMS 0x0000000089700000| PB 0x0000000089700000| Untracked 
| 152|0x0000000089800000, 0x0000000089800000, 0x0000000089900000|  0%| F|  |TAMS 0x0000000089800000| PB 0x0000000089800000| Untracked 
| 153|0x0000000089900000, 0x0000000089900000, 0x0000000089a00000|  0%| F|  |TAMS 0x0000000089900000| PB 0x0000000089900000| Untracked 
| 154|0x0000000089a00000, 0x0000000089a00000, 0x0000000089b00000|  0%| F|  |TAMS 0x0000000089a00000| PB 0x0000000089a00000| Untracked 
| 155|0x0000000089b00000, 0x0000000089b00000, 0x0000000089c00000|  0%| F|  |TAMS 0x0000000089b00000| PB 0x0000000089b00000| Untracked 
| 156|0x0000000089c00000, 0x0000000089c00000, 0x0000000089d00000|  0%| F|  |TAMS 0x0000000089c00000| PB 0x0000000089c00000| Untracked 
| 157|0x0000000089d00000, 0x0000000089d00000, 0x0000000089e00000|  0%| F|  |TAMS 0x0000000089d00000| PB 0x0000000089d00000| Untracked 
| 158|0x0000000089e00000, 0x0000000089e00000, 0x0000000089f00000|  0%| F|  |TAMS 0x0000000089e00000| PB 0x0000000089e00000| Untracked 
| 159|0x0000000089f00000, 0x0000000089f00000, 0x000000008a000000|  0%| F|  |TAMS 0x0000000089f00000| PB 0x0000000089f00000| Untracked 
| 160|0x000000008a000000, 0x000000008a000000, 0x000000008a100000|  0%| F|  |TAMS 0x000000008a000000| PB 0x000000008a000000| Untracked 
| 161|0x000000008a100000, 0x000000008a100000, 0x000000008a200000|  0%| F|  |TAMS 0x000000008a100000| PB 0x000000008a100000| Untracked 
| 162|0x000000008a200000, 0x000000008a200000, 0x000000008a300000|  0%| F|  |TAMS 0x000000008a200000| PB 0x000000008a200000| Untracked 
| 163|0x000000008a300000, 0x000000008a300000, 0x000000008a400000|  0%| F|  |TAMS 0x000000008a300000| PB 0x000000008a300000| Untracked 
| 164|0x000000008a400000, 0x000000008a400000, 0x000000008a500000|  0%| F|  |TAMS 0x000000008a400000| PB 0x000000008a400000| Untracked 
| 165|0x000000008a500000, 0x000000008a500000, 0x000000008a600000|  0%| F|  |TAMS 0x000000008a500000| PB 0x000000008a500000| Untracked 
| 166|0x000000008a600000, 0x000000008a600000, 0x000000008a700000|  0%| F|  |TAMS 0x000000008a600000| PB 0x000000008a600000| Untracked 
| 167|0x000000008a700000, 0x000000008a700000, 0x000000008a800000|  0%| F|  |TAMS 0x000000008a700000| PB 0x000000008a700000| Untracked 
| 168|0x000000008a800000, 0x000000008a800000, 0x000000008a900000|  0%| F|  |TAMS 0x000000008a800000| PB 0x000000008a800000| Untracked 
| 169|0x000000008a900000, 0x000000008a900000, 0x000000008aa00000|  0%| F|  |TAMS 0x000000008a900000| PB 0x000000008a900000| Untracked 
| 170|0x000000008aa00000, 0x000000008aa00000, 0x000000008ab00000|  0%| F|  |TAMS 0x000000008aa00000| PB 0x000000008aa00000| Untracked 
| 171|0x000000008ab00000, 0x000000008ab00000, 0x000000008ac00000|  0%| F|  |TAMS 0x000000008ab00000| PB 0x000000008ab00000| Untracked 
| 172|0x000000008ac00000, 0x000000008ac00000, 0x000000008ad00000|  0%| F|  |TAMS 0x000000008ac00000| PB 0x000000008ac00000| Untracked 
| 173|0x000000008ad00000, 0x000000008ad00000, 0x000000008ae00000|  0%| F|  |TAMS 0x000000008ad00000| PB 0x000000008ad00000| Untracked 
| 174|0x000000008ae00000, 0x000000008aecfca0, 0x000000008af00000| 81%| E|  |TAMS 0x000000008ae00000| PB 0x000000008ae00000| Complete 
| 175|0x000000008af00000, 0x000000008b000000, 0x000000008b000000|100%| E|CS|TAMS 0x000000008af00000| PB 0x000000008af00000| Complete 
| 176|0x000000008b000000, 0x000000008b100000, 0x000000008b100000|100%| E|CS|TAMS 0x000000008b000000| PB 0x000000008b000000| Complete 
| 177|0x000000008b100000, 0x000000008b200000, 0x000000008b200000|100%| E|CS|TAMS 0x000000008b100000| PB 0x000000008b100000| Complete 
| 178|0x000000008b200000, 0x000000008b300000, 0x000000008b300000|100%| E|  |TAMS 0x000000008b200000| PB 0x000000008b200000| Complete 
| 179|0x000000008b300000, 0x000000008b400000, 0x000000008b400000|100%| E|CS|TAMS 0x000000008b300000| PB 0x000000008b300000| Complete 
| 180|0x000000008b400000, 0x000000008b500000, 0x000000008b500000|100%| E|CS|TAMS 0x000000008b400000| PB 0x000000008b400000| Complete 
| 181|0x000000008b500000, 0x000000008b600000, 0x000000008b600000|100%| E|CS|TAMS 0x000000008b500000| PB 0x000000008b500000| Complete 
| 182|0x000000008b600000, 0x000000008b700000, 0x000000008b700000|100%| E|CS|TAMS 0x000000008b600000| PB 0x000000008b600000| Complete 
| 183|0x000000008b700000, 0x000000008b800000, 0x000000008b800000|100%| E|CS|TAMS 0x000000008b700000| PB 0x000000008b700000| Complete 
| 184|0x000000008b800000, 0x000000008b900000, 0x000000008b900000|100%| E|CS|TAMS 0x000000008b800000| PB 0x000000008b800000| Complete 
| 185|0x000000008b900000, 0x000000008ba00000, 0x000000008ba00000|100%| E|CS|TAMS 0x000000008b900000| PB 0x000000008b900000| Complete 
| 186|0x000000008ba00000, 0x000000008bb00000, 0x000000008bb00000|100%| E|CS|TAMS 0x000000008ba00000| PB 0x000000008ba00000| Complete 
| 187|0x000000008bb00000, 0x000000008bc00000, 0x000000008bc00000|100%| E|CS|TAMS 0x000000008bb00000| PB 0x000000008bb00000| Complete 
| 188|0x000000008bc00000, 0x000000008bd00000, 0x000000008bd00000|100%| E|CS|TAMS 0x000000008bc00000| PB 0x000000008bc00000| Complete 
| 189|0x000000008bd00000, 0x000000008be00000, 0x000000008be00000|100%| E|CS|TAMS 0x000000008bd00000| PB 0x000000008bd00000| Complete 
| 190|0x000000008be00000, 0x000000008bf00000, 0x000000008bf00000|100%| E|CS|TAMS 0x000000008be00000| PB 0x000000008be00000| Complete 
| 191|0x000000008bf00000, 0x000000008c000000, 0x000000008c000000|100%| E|CS|TAMS 0x000000008bf00000| PB 0x000000008bf00000| Complete 
| 192|0x000000008c000000, 0x000000008c100000, 0x000000008c100000|100%| E|CS|TAMS 0x000000008c000000| PB 0x000000008c000000| Complete 
| 193|0x000000008c100000, 0x000000008c200000, 0x000000008c200000|100%| E|CS|TAMS 0x000000008c100000| PB 0x000000008c100000| Complete 
| 250|0x000000008fa00000, 0x000000008fb00000, 0x000000008fb00000|100%| E|CS|TAMS 0x000000008fa00000| PB 0x000000008fa00000| Complete 
| 251|0x000000008fb00000, 0x000000008fc00000, 0x000000008fc00000|100%| E|CS|TAMS 0x000000008fb00000| PB 0x000000008fb00000| Complete 
|2009|0x00000000fd900000, 0x00000000fd98b450, 0x00000000fda00000| 54%| O|  |TAMS 0x00000000fd900000| PB 0x00000000fd900000| Untracked 
|2010|0x00000000fda00000, 0x00000000fdb00000, 0x00000000fdb00000|100%| O|  |TAMS 0x00000000fda00000| PB 0x00000000fda00000| Untracked 
|2011|0x00000000fdb00000, 0x00000000fdc00000, 0x00000000fdc00000|100%| O|  |TAMS 0x00000000fdb00000| PB 0x00000000fdb00000| Untracked 
|2012|0x00000000fdc00000, 0x00000000fdd00000, 0x00000000fdd00000|100%| O|  |TAMS 0x00000000fdc00000| PB 0x00000000fdc00000| Untracked 
|2013|0x00000000fdd00000, 0x00000000fde00000, 0x00000000fde00000|100%| O|  |TAMS 0x00000000fdd00000| PB 0x00000000fdd00000| Untracked 
|2014|0x00000000fde00000, 0x00000000fdf00000, 0x00000000fdf00000|100%| O|  |TAMS 0x00000000fde00000| PB 0x00000000fde00000| Untracked 
|2015|0x00000000fdf00000, 0x00000000fe000000, 0x00000000fe000000|100%| O|  |TAMS 0x00000000fdf00000| PB 0x00000000fdf00000| Untracked 
|2016|0x00000000fe000000, 0x00000000fe100000, 0x00000000fe100000|100%| O|  |TAMS 0x00000000fe000000| PB 0x00000000fe000000| Untracked 
|2017|0x00000000fe100000, 0x00000000fe200000, 0x00000000fe200000|100%| E|CS|TAMS 0x00000000fe100000| PB 0x00000000fe100000| Complete 
|2018|0x00000000fe200000, 0x00000000fe300000, 0x00000000fe300000|100%| E|CS|TAMS 0x00000000fe200000| PB 0x00000000fe200000| Complete 
|2019|0x00000000fe300000, 0x00000000fe400000, 0x00000000fe400000|100%| E|CS|TAMS 0x00000000fe300000| PB 0x00000000fe300000| Complete 
|2020|0x00000000fe400000, 0x00000000fe500000, 0x00000000fe500000|100%| O|Cm|TAMS 0x00000000fe400000| PB 0x00000000fe400000| Complete 
|2021|0x00000000fe500000, 0x00000000fe600000, 0x00000000fe600000|100%| O|Cm|TAMS 0x00000000fe500000| PB 0x00000000fe500000| Complete 
|2022|0x00000000fe600000, 0x00000000fe700000, 0x00000000fe700000|100%| O|  |TAMS 0x00000000fe600000| PB 0x00000000fe600000| Untracked 
|2023|0x00000000fe700000, 0x00000000fe800000, 0x00000000fe800000|100%| O|Cm|TAMS 0x00000000fe700000| PB 0x00000000fe700000| Complete 
|2024|0x00000000fe800000, 0x00000000fe900000, 0x00000000fe900000|100%| E|CS|TAMS 0x00000000fe800000| PB 0x00000000fe800000| Complete 
|2025|0x00000000fe900000, 0x00000000fea00000, 0x00000000fea00000|100%| E|CS|TAMS 0x00000000fe900000| PB 0x00000000fe900000| Complete 
|2026|0x00000000fea00000, 0x00000000feb00000, 0x00000000feb00000|100%| E|CS|TAMS 0x00000000fea00000| PB 0x00000000fea00000| Complete 
|2027|0x00000000feb00000, 0x00000000fec00000, 0x00000000fec00000|100%| E|CS|TAMS 0x00000000feb00000| PB 0x00000000feb00000| Complete 
|2028|0x00000000fec00000, 0x00000000fed00000, 0x00000000fed00000|100%| E|CS|TAMS 0x00000000fec00000| PB 0x00000000fec00000| Complete 
|2029|0x00000000fed00000, 0x00000000fee00000, 0x00000000fee00000|100%| E|CS|TAMS 0x00000000fed00000| PB 0x00000000fed00000| Complete 
|2030|0x00000000fee00000, 0x00000000fef00000, 0x00000000fef00000|100%| E|CS|TAMS 0x00000000fee00000| PB 0x00000000fee00000| Complete 
|2031|0x00000000fef00000, 0x00000000ff000000, 0x00000000ff000000|100%| E|CS|TAMS 0x00000000fef00000| PB 0x00000000fef00000| Complete 
|2032|0x00000000ff000000, 0x00000000ff100000, 0x00000000ff100000|100%| E|CS|TAMS 0x00000000ff000000| PB 0x00000000ff000000| Complete 
|2033|0x00000000ff100000, 0x00000000ff200000, 0x00000000ff200000|100%| O|  |TAMS 0x00000000ff100000| PB 0x00000000ff100000| Untracked 
|2034|0x00000000ff200000, 0x00000000ff300000, 0x00000000ff300000|100%| O|  |TAMS 0x00000000ff200000| PB 0x00000000ff200000| Untracked 
|2035|0x00000000ff300000, 0x00000000ff400000, 0x00000000ff400000|100%| O|  |TAMS 0x00000000ff300000| PB 0x00000000ff300000| Untracked 
|2036|0x00000000ff400000, 0x00000000ff500000, 0x00000000ff500000|100%| O|  |TAMS 0x00000000ff400000| PB 0x00000000ff400000| Untracked 
|2037|0x00000000ff500000, 0x00000000ff600000, 0x00000000ff600000|100%| E|CS|TAMS 0x00000000ff500000| PB 0x00000000ff500000| Complete 
|2038|0x00000000ff600000, 0x00000000ff700000, 0x00000000ff700000|100%| E|CS|TAMS 0x00000000ff600000| PB 0x00000000ff600000| Complete 
|2039|0x00000000ff700000, 0x00000000ff800000, 0x00000000ff800000|100%| E|CS|TAMS 0x00000000ff700000| PB 0x00000000ff700000| Complete 
|2040|0x00000000ff800000, 0x00000000ff900000, 0x00000000ff900000|100%| E|CS|TAMS 0x00000000ff800000| PB 0x00000000ff800000| Complete 
|2041|0x00000000ff900000, 0x00000000ffa00000, 0x00000000ffa00000|100%| E|CS|TAMS 0x00000000ff900000| PB 0x00000000ff900000| Complete 
|2042|0x00000000ffa00000, 0x00000000ffb00000, 0x00000000ffb00000|100%| O|  |TAMS 0x00000000ffa00000| PB 0x00000000ffa00000| Untracked 
|2043|0x00000000ffb00000, 0x00000000ffc00000, 0x00000000ffc00000|100%| O|  |TAMS 0x00000000ffb00000| PB 0x00000000ffb00000| Untracked 
|2044|0x00000000ffc00000, 0x00000000ffd00000, 0x00000000ffd00000|100%| E|CS|TAMS 0x00000000ffc00000| PB 0x00000000ffc00000| Complete 
|2045|0x00000000ffd00000, 0x00000000ffe00000, 0x00000000ffe00000|100%| O|  |TAMS 0x00000000ffd00000| PB 0x00000000ffd00000| Untracked 
|2046|0x00000000ffe00000, 0x00000000fff00000, 0x00000000fff00000|100%| O|  |TAMS 0x00000000ffe00000| PB 0x00000000ffe00000| Untracked 
|2047|0x00000000fff00000, 0x0000000100000000, 0x0000000100000000|100%| O|  |TAMS 0x00000000fff00000| PB 0x00000000fff00000| Untracked 

Card table byte_map: [0x0000021051f90000,0x0000021052390000] _byte_map_base: 0x0000021051b90000

Marking Bits: (CMBitMap*) 0x000002103f163050
 Bits: [0x0000021052390000, 0x0000021054390000)

Polling page: 0x000002103cd00000

Metaspace:

Usage:
  Non-class:     69.98 MB used.
      Class:      8.22 MB used.
       Both:     78.20 MB used.

Virtual space:
  Non-class space:      128.00 MB reserved,      70.94 MB ( 55%) committed,  2 nodes.
      Class space:        1.00 GB reserved,       9.00 MB ( <1%) committed,  1 nodes.
             Both:        1.12 GB reserved,      79.94 MB (  7%) committed. 

Chunk freelists:
   Non-Class:  8.12 MB
       Class:  7.02 MB
        Both:  15.14 MB

MaxMetaspaceSize: unlimited
CompressedClassSpaceSize: 1.00 GB
Initial GC threshold: 21.00 MB
Current GC threshold: 125.44 MB
CDS: on
 - commit_granule_bytes: 65536.
 - commit_granule_words: 8192.
 - virtual_space_node_default_size: 8388608.
 - enlarge_chunks_in_place: 1.
 - use_allocation_guard: 0.


Internal statistics:

num_allocs_failed_limit: 8.
num_arena_births: 1610.
num_arena_deaths: 20.
num_vsnodes_births: 3.
num_vsnodes_deaths: 0.
num_space_committed: 1279.
num_space_uncommitted: 0.
num_chunks_returned_to_freelist: 31.
num_chunks_taken_from_freelist: 5577.
num_chunk_merges: 13.
num_chunk_splits: 3381.
num_chunks_enlarged: 1841.
num_inconsistent_stats: 0.

CodeHeap 'non-profiled nmethods': size=119168Kb used=9627Kb max_used=11159Kb free=109540Kb
 bounds [0x0000021049ea0000, 0x000002104a990000, 0x0000021051300000]
CodeHeap 'profiled nmethods': size=119104Kb used=27242Kb max_used=31859Kb free=91861Kb
 bounds [0x0000021042300000, 0x0000021044220000, 0x0000021049750000]
CodeHeap 'non-nmethods': size=7488Kb used=1889Kb max_used=3661Kb free=5598Kb
 bounds [0x0000021049750000, 0x0000021049b00000, 0x0000021049ea0000]
CodeCache: size=245760Kb, used=38758Kb, max_used=46679Kb, free=206999Kb
 total_blobs=11931, nmethods=11103, adapters=727, full_count=0
Compilation: enabled, stopped_count=0, restarted_count=0

Compilation events (20 events):
Event: 1133.701 Thread 0x0000021057351920 16858       4       java.util.concurrent.ConcurrentHashMap$Traverser::<init> (36 bytes)
Event: 1133.703 Thread 0x0000021057351920 nmethod 16858 0x000002104a2d7d10 code [0x000002104a2d7ea0, 0x000002104a2d8078]
Event: 1153.699 Thread 0x0000021057351920 16859   !   4       java.util.concurrent.ThreadPoolExecutor::tryTerminate (177 bytes)
Event: 1153.699 Thread 0x0000021057351920 nmethod 16859 0x000002104a7f9c90 code [0x000002104a7f9e20, 0x000002104a7f9ee8]
Event: 1156.692 Thread 0x0000021057351920 16860   !   4       java.util.concurrent.ThreadPoolExecutor::purge (131 bytes)
Event: 1156.715 Thread 0x0000021057351920 nmethod 16860 0x0000021049ed3690 code [0x0000021049ed38e0, 0x0000021049ed4378]
Event: 1157.689 Thread 0x0000021057351920 16861       4       java.util.concurrent.ConcurrentHashMap$BaseIterator::<init> (21 bytes)
Event: 1157.695 Thread 0x0000021057351920 nmethod 16861 0x0000021049ee7a10 code [0x0000021049ee7bc0, 0x0000021049ee8148]
Event: 1218.636 Thread 0x0000021057359a40 16862       3       org.eclipse.core.internal.dtree.DataTreeNode::storeStrings (28 bytes)
Event: 1218.637 Thread 0x0000021057359a40 nmethod 16862 0x0000021042d24510 code [0x0000021042d246e0, 0x0000021042d24b60]
Event: 1218.637 Thread 0x0000021057359a40 16863       3       org.eclipse.core.internal.resources.ResourceInfo::shareStrings (43 bytes)
Event: 1218.638 Thread 0x0000021057359a40 nmethod 16863 0x0000021042e01590 code [0x0000021042e01760, 0x0000021042e01a28]
Event: 1218.638 Thread 0x0000021057359a40 16864       3       java.util.HashMap$Node::setValue (12 bytes)
Event: 1218.638 Thread 0x0000021057359a40 nmethod 16864 0x00000210427d0990 code [0x00000210427d0b20, 0x00000210427d0c78]
Event: 1301.675 Thread 0x0000021057359a40 16865       1       org.eclipse.jdt.ls.core.internal.LanguageServerApplication::getParentProcessId (5 bytes)
Event: 1301.676 Thread 0x0000021057359a40 nmethod 16865 0x000002104a5a9190 code [0x000002104a5a9320, 0x000002104a5a93e8]
Event: 1372.704 Thread 0x0000021057351920 16866       4       java.util.concurrent.ConcurrentHashMap::sumCount (60 bytes)
Event: 1372.705 Thread 0x0000021057351920 nmethod 16866 0x000002104a630210 code [0x000002104a6303a0, 0x000002104a6304f0]
Event: 1400.690 Thread 0x0000021057351920 16867       4       java.util.concurrent.ThreadPoolExecutor::runStateAtLeast (11 bytes)
Event: 1400.690 Thread 0x0000021057351920 nmethod 16867 0x000002104a5aaf90 code [0x000002104a5ab100, 0x000002104a5ab178]

GC Heap History (20 events):
Event: 46.143 GC heap before
{Heap before GC invocations=44 (full 0):
 garbage-first heap   total 131072K, used 129899K [0x0000000080000000, 0x0000000100000000)
  region size 1024K, 45 young (46080K), 7 survivors (7168K)
 Metaspace       used 68869K, committed 70528K, reserved 1114112K
  class space    used 7092K, committed 7808K, reserved 1048576K
}
Event: 46.147 GC heap after
{Heap after GC invocations=45 (full 0):
 garbage-first heap   total 139264K, used 77659K [0x0000000080000000, 0x0000000100000000)
  region size 1024K, 5 young (5120K), 5 survivors (5120K)
 Metaspace       used 68869K, committed 70528K, reserved 1114112K
  class space    used 7092K, committed 7808K, reserved 1048576K
}
Event: 51.847 GC heap before
{Heap before GC invocations=45 (full 0):
 garbage-first heap   total 139264K, used 129883K [0x0000000080000000, 0x0000000100000000)
  region size 1024K, 53 young (54272K), 5 survivors (5120K)
 Metaspace       used 69727K, committed 71424K, reserved 1114112K
  class space    used 7191K, committed 7936K, reserved 1048576K
}
Event: 51.851 GC heap after
{Heap after GC invocations=46 (full 0):
 garbage-first heap   total 140288K, used 76526K [0x0000000080000000, 0x0000000100000000)
  region size 1024K, 4 young (4096K), 4 survivors (4096K)
 Metaspace       used 69727K, committed 71424K, reserved 1114112K
  class space    used 7191K, committed 7936K, reserved 1048576K
}
Event: 205.941 GC heap before
{Heap before GC invocations=46 (full 0):
 garbage-first heap   total 140288K, used 127726K [0x0000000080000000, 0x0000000100000000)
  region size 1024K, 55 young (56320K), 4 survivors (4096K)
 Metaspace       used 73297K, committed 75072K, reserved 1179648K
  class space    used 7551K, committed 8320K, reserved 1048576K
}
Event: 205.944 GC heap after
{Heap after GC invocations=47 (full 0):
 garbage-first heap   total 140288K, used 79039K [0x0000000080000000, 0x0000000100000000)
  region size 1024K, 6 young (6144K), 6 survivors (6144K)
 Metaspace       used 73297K, committed 75072K, reserved 1179648K
  class space    used 7551K, committed 8320K, reserved 1048576K
}
Event: 209.541 GC heap before
{Heap before GC invocations=48 (full 0):
 garbage-first heap   total 140288K, used 128191K [0x0000000080000000, 0x0000000100000000)
  region size 1024K, 55 young (56320K), 6 survivors (6144K)
 Metaspace       used 74126K, committed 75904K, reserved 1179648K
  class space    used 7647K, committed 8448K, reserved 1048576K
}
Event: 209.545 GC heap after
{Heap after GC invocations=49 (full 0):
 garbage-first heap   total 140288K, used 81347K [0x0000000080000000, 0x0000000100000000)
  region size 1024K, 6 young (6144K), 6 survivors (6144K)
 Metaspace       used 74126K, committed 75904K, reserved 1179648K
  class space    used 7647K, committed 8448K, reserved 1048576K
}
Event: 210.124 GC heap before
{Heap before GC invocations=49 (full 0):
 garbage-first heap   total 140288K, used 133571K [0x0000000080000000, 0x0000000100000000)
  region size 1024K, 53 young (54272K), 6 survivors (6144K)
 Metaspace       used 74441K, committed 76160K, reserved 1179648K
  class space    used 7686K, committed 8448K, reserved 1048576K
}
Event: 210.134 GC heap after
{Heap after GC invocations=50 (full 0):
 garbage-first heap   total 162816K, used 103424K [0x0000000080000000, 0x0000000100000000)
  region size 1024K, 7 young (7168K), 7 survivors (7168K)
 Metaspace       used 74441K, committed 76160K, reserved 1179648K
  class space    used 7686K, committed 8448K, reserved 1048576K
}
Event: 210.148 GC heap before
{Heap before GC invocations=50 (full 0):
 garbage-first heap   total 162816K, used 108544K [0x0000000080000000, 0x0000000100000000)
  region size 1024K, 14 young (14336K), 7 survivors (7168K)
 Metaspace       used 74487K, committed 76224K, reserved 1179648K
  class space    used 7692K, committed 8448K, reserved 1048576K
}
Event: 210.151 GC heap after
{Heap after GC invocations=51 (full 0):
 garbage-first heap   total 162816K, used 109631K [0x0000000080000000, 0x0000000100000000)
  region size 1024K, 5 young (5120K), 5 survivors (5120K)
 Metaspace       used 74487K, committed 76224K, reserved 1179648K
  class space    used 7692K, committed 8448K, reserved 1048576K
}
Event: 445.770 GC heap before
{Heap before GC invocations=52 (full 0):
 garbage-first heap   total 232448K, used 159807K [0x0000000080000000, 0x0000000100000000)
  region size 1024K, 27 young (27648K), 5 survivors (5120K)
 Metaspace       used 74896K, committed 76672K, reserved 1179648K
  class space    used 7733K, committed 8512K, reserved 1048576K
}
Event: 445.773 GC heap after
{Heap after GC invocations=53 (full 0):
 garbage-first heap   total 232448K, used 107296K [0x0000000080000000, 0x0000000100000000)
  region size 1024K, 2 young (2048K), 2 survivors (2048K)
 Metaspace       used 74896K, committed 76672K, reserved 1179648K
  class space    used 7733K, committed 8512K, reserved 1048576K
}
Event: 446.921 GC heap before
{Heap before GC invocations=53 (full 0):
 garbage-first heap   total 232448K, used 163616K [0x0000000080000000, 0x0000000100000000)
  region size 1024K, 58 young (59392K), 2 survivors (2048K)
 Metaspace       used 75337K, committed 77056K, reserved 1179648K
  class space    used 7735K, committed 8512K, reserved 1048576K
}
Event: 446.923 GC heap after
{Heap after GC invocations=54 (full 0):
 garbage-first heap   total 232448K, used 102479K [0x0000000080000000, 0x0000000100000000)
  region size 1024K, 4 young (4096K), 4 survivors (4096K)
 Metaspace       used 75337K, committed 77056K, reserved 1179648K
  class space    used 7735K, committed 8512K, reserved 1048576K
}
Event: 447.616 GC heap before
{Heap before GC invocations=54 (full 0):
 garbage-first heap   total 232448K, used 116815K [0x0000000080000000, 0x0000000100000000)
  region size 1024K, 19 young (19456K), 4 survivors (4096K)
 Metaspace       used 75363K, committed 77056K, reserved 1179648K
  class space    used 7735K, committed 8512K, reserved 1048576K
}
Event: 447.618 GC heap after
{Heap after GC invocations=55 (full 0):
 garbage-first heap   total 232448K, used 102543K [0x0000000080000000, 0x0000000100000000)
  region size 1024K, 4 young (4096K), 4 survivors (4096K)
 Metaspace       used 75363K, committed 77056K, reserved 1179648K
  class space    used 7735K, committed 8512K, reserved 1048576K
}
Event: 856.427 GC heap before
{Heap before GC invocations=56 (full 0):
 garbage-first heap   total 232448K, used 212111K [0x0000000080000000, 0x0000000100000000)
  region size 1024K, 75 young (76800K), 4 survivors (4096K)
 Metaspace       used 75881K, committed 77632K, reserved 1179648K
  class space    used 7803K, committed 8576K, reserved 1048576K
}
Event: 856.435 GC heap after
{Heap after GC invocations=57 (full 0):
 garbage-first heap   total 240640K, used 125485K [0x0000000080000000, 0x0000000100000000)
  region size 1024K, 10 young (10240K), 10 survivors (10240K)
 Metaspace       used 75881K, committed 77632K, reserved 1179648K
  class space    used 7803K, committed 8576K, reserved 1048576K
}

Dll operation events (11 events):
Event: 0.046 Loaded shared library c:\Users\mangg\.vscode\extensions\redhat.java-1.51.0-win32-x64\jre\21.0.9-win32-x86_64\bin\java.dll
Event: 0.154 Loaded shared library c:\Users\mangg\.vscode\extensions\redhat.java-1.51.0-win32-x64\jre\21.0.9-win32-x86_64\bin\zip.dll
Event: 0.227 Loaded shared library C:\Users\mangg\.vscode\extensions\redhat.java-1.51.0-win32-x64\jre\21.0.9-win32-x86_64\bin\instrument.dll
Event: 0.272 Loaded shared library C:\Users\mangg\.vscode\extensions\redhat.java-1.51.0-win32-x64\jre\21.0.9-win32-x86_64\bin\net.dll
Event: 0.310 Loaded shared library C:\Users\mangg\.vscode\extensions\redhat.java-1.51.0-win32-x64\jre\21.0.9-win32-x86_64\bin\nio.dll
Event: 0.313 Loaded shared library C:\Users\mangg\.vscode\extensions\redhat.java-1.51.0-win32-x64\jre\21.0.9-win32-x86_64\bin\zip.dll
Event: 0.330 Loaded shared library C:\Users\mangg\.vscode\extensions\redhat.java-1.51.0-win32-x64\jre\21.0.9-win32-x86_64\bin\jimage.dll
Event: 0.446 Loaded shared library c:\Users\mangg\.vscode\extensions\redhat.java-1.51.0-win32-x64\jre\21.0.9-win32-x86_64\bin\verify.dll
Event: 7.769 Loaded shared library C:\Users\mangg\AppData\Roaming\Code\User\globalStorage\redhat.java\1.51.0\config_win\org.eclipse.equinox.launcher\org.eclipse.equinox.launcher.win32.win32.x86_64_1.2.1400.v20250801-0854\eclipse_11916.dll
Event: 18.416 Loaded shared library C:\Users\mangg\AppData\Local\Temp\jna-103662522\jna13566524495364400117.dll
Event: 856.600 Loaded shared library C:\Users\mangg\.vscode\extensions\redhat.java-1.51.0-win32-x64\jre\21.0.9-win32-x86_64\bin\extnet.dll

Deoptimization events (20 events):
Event: 859.485 Thread 0x00000210a14763a0 DEOPT PACKING pc=0x000002104a9420e0 sp=0x000000cb99cff200
Event: 859.485 Thread 0x00000210a14763a0 DEOPT UNPACKING pc=0x00000210497a7ba2 sp=0x000000cb99cff178 mode 2
Event: 859.670 Thread 0x00000210a14763a0 Uncommon trap: trap_request=0xffffffc6 fr.pc=0x000002104a9420e0 relative=0x00000000000000c0
Event: 859.670 Thread 0x00000210a14763a0 Uncommon trap: reason=bimorphic_or_optimized_type_check action=maybe_recompile pc=0x000002104a9420e0 method=java.util.LinkedHashMap.afterNodeInsertion(Z)V @ 15 c2
Event: 859.670 Thread 0x00000210a14763a0 DEOPT PACKING pc=0x000002104a9420e0 sp=0x000000cb99cff200
Event: 859.670 Thread 0x00000210a14763a0 DEOPT UNPACKING pc=0x00000210497a7ba2 sp=0x000000cb99cff178 mode 2
Event: 861.276 Thread 0x000002109f5358e0 DEOPT PACKING pc=0x0000021043ac839c sp=0x000000cb9beff0f0
Event: 861.276 Thread 0x000002109f5358e0 DEOPT UNPACKING pc=0x00000210497a86e2 sp=0x000000cb9befe5b0 mode 0
Event: 865.109 Thread 0x00000210a14763a0 Uncommon trap: trap_request=0xffffffc6 fr.pc=0x000002104a9420e0 relative=0x00000000000000c0
Event: 865.109 Thread 0x00000210a14763a0 Uncommon trap: reason=bimorphic_or_optimized_type_check action=maybe_recompile pc=0x000002104a9420e0 method=java.util.LinkedHashMap.afterNodeInsertion(Z)V @ 15 c2
Event: 865.109 Thread 0x00000210a14763a0 DEOPT PACKING pc=0x000002104a9420e0 sp=0x000000cb99cff200
Event: 865.109 Thread 0x00000210a14763a0 DEOPT UNPACKING pc=0x00000210497a7ba2 sp=0x000000cb99cff178 mode 2
Event: 865.171 Thread 0x00000210a14763a0 Uncommon trap: trap_request=0xffffffc6 fr.pc=0x000002104a9420e0 relative=0x00000000000000c0
Event: 865.171 Thread 0x00000210a14763a0 Uncommon trap: reason=bimorphic_or_optimized_type_check action=maybe_recompile pc=0x000002104a9420e0 method=java.util.LinkedHashMap.afterNodeInsertion(Z)V @ 15 c2
Event: 865.171 Thread 0x00000210a14763a0 DEOPT PACKING pc=0x000002104a9420e0 sp=0x000000cb99cff200
Event: 865.171 Thread 0x00000210a14763a0 DEOPT UNPACKING pc=0x00000210497a7ba2 sp=0x000000cb99cff178 mode 2
Event: 871.816 Thread 0x0000021057bd81a0 DEOPT PACKING pc=0x0000021043ac839c sp=0x000000cb992ff570
Event: 871.816 Thread 0x0000021057bd81a0 DEOPT UNPACKING pc=0x00000210497a86e2 sp=0x000000cb992fea30 mode 0
Event: 916.695 Thread 0x00000210a14742d0 DEOPT PACKING pc=0x0000021043ac839c sp=0x000000cb997ff010
Event: 916.695 Thread 0x00000210a14742d0 DEOPT UNPACKING pc=0x00000210497a86e2 sp=0x000000cb997fe4d0 mode 0

Classes loaded (20 events):
Event: 856.766 Loading class java/util/stream/SliceOps$1$1
Event: 856.766 Loading class java/util/stream/SliceOps$1$1 done
Event: 856.789 Loading class java/util/Timer
Event: 856.789 Loading class java/util/Timer done
Event: 856.789 Loading class java/util/TaskQueue
Event: 856.789 Loading class java/util/TaskQueue done
Event: 856.789 Loading class java/util/TimerThread
Event: 856.789 Loading class java/util/TimerThread done
Event: 856.789 Loading class java/util/Timer$ThreadReaper
Event: 856.789 Loading class java/util/Timer$ThreadReaper done
Event: 856.791 Loading class java/util/concurrent/CompletableFuture$UniWhenComplete
Event: 856.791 Loading class java/util/concurrent/CompletableFuture$UniWhenComplete done
Event: 856.791 Loading class java/util/concurrent/CompletableFuture$UniCompose
Event: 856.791 Loading class java/util/concurrent/CompletableFuture$UniCompose done
Event: 856.791 Loading class java/util/concurrent/CompletableFuture$UniRelay
Event: 856.791 Loading class java/util/concurrent/CompletableFuture$UniRelay done
Event: 857.699 Loading class java/util/concurrent/ScheduledThreadPoolExecutor$DelayedWorkQueue$Itr
Event: 857.699 Loading class java/util/concurrent/ScheduledThreadPoolExecutor$DelayedWorkQueue$Itr done
Event: 858.409 Loading class jdk/internal/reflect/MethodHandleByteFieldAccessorImpl
Event: 858.409 Loading class jdk/internal/reflect/MethodHandleByteFieldAccessorImpl done

Classes unloaded (10 events):
Event: 20.697 Thread 0x0000021057321df0 Unloading class 0x00000210591a9400 'java/lang/invoke/LambdaForm$MH+0x00000210591a9400'
Event: 20.697 Thread 0x0000021057321df0 Unloading class 0x00000210591a9000 'java/lang/invoke/LambdaForm$MH+0x00000210591a9000'
Event: 20.697 Thread 0x0000021057321df0 Unloading class 0x00000210591a8c00 'java/lang/invoke/LambdaForm$MH+0x00000210591a8c00'
Event: 20.697 Thread 0x0000021057321df0 Unloading class 0x00000210591a8800 'java/lang/invoke/LambdaForm$MH+0x00000210591a8800'
Event: 20.697 Thread 0x0000021057321df0 Unloading class 0x00000210591a8400 'java/lang/invoke/LambdaForm$BMH+0x00000210591a8400'
Event: 20.697 Thread 0x0000021057321df0 Unloading class 0x00000210591a8000 'java/lang/invoke/LambdaForm$DMH+0x00000210591a8000'
Event: 20.697 Thread 0x0000021057321df0 Unloading class 0x00000210591a3000 'java/lang/invoke/LambdaForm$DMH+0x00000210591a3000'
Event: 44.590 Thread 0x0000021057321df0 Unloading class 0x00000210596ed000 'java/lang/invoke/LambdaForm$DMH+0x00000210596ed000'
Event: 44.590 Thread 0x0000021057321df0 Unloading class 0x00000210596ecc00 'java/lang/invoke/LambdaForm$DMH+0x00000210596ecc00'
Event: 44.590 Thread 0x0000021057321df0 Unloading class 0x00000210596ec800 'java/lang/invoke/LambdaForm$DMH+0x00000210596ec800'

Classes redefined (0 events):
No events

Internal exceptions (20 events):
Event: 856.403 Thread 0x00000210a965ccd0 Exception <a 'sun/nio/fs/WindowsException'{0x00000000892c4c38}> (0x00000000892c4c38) 
thrown [s\src\hotspot\share\prims\jni.cpp, line 520]
Event: 856.403 Thread 0x00000210a965ccd0 Exception <a 'sun/nio/fs/WindowsException'{0x00000000892c5518}> (0x00000000892c5518) 
thrown [s\src\hotspot\share\prims\jni.cpp, line 520]
Event: 856.404 Thread 0x00000210a965ccd0 Exception <a 'sun/nio/fs/WindowsException'{0x00000000892c6260}> (0x00000000892c6260) 
thrown [s\src\hotspot\share\prims\jni.cpp, line 520]
Event: 856.404 Thread 0x00000210a965ccd0 Exception <a 'sun/nio/fs/WindowsException'{0x00000000892c6b40}> (0x00000000892c6b40) 
thrown [s\src\hotspot\share\prims\jni.cpp, line 520]
Event: 856.404 Thread 0x00000210a965ccd0 Exception <a 'sun/nio/fs/WindowsException'{0x00000000892c8298}> (0x00000000892c8298) 
thrown [s\src\hotspot\share\prims\jni.cpp, line 520]
Event: 856.404 Thread 0x00000210a965ccd0 Exception <a 'sun/nio/fs/WindowsException'{0x00000000892c8b20}> (0x00000000892c8b20) 
thrown [s\src\hotspot\share\prims\jni.cpp, line 520]
Event: 856.406 Thread 0x00000210a965ccd0 Exception <a 'sun/nio/fs/WindowsException'{0x00000000892e67b8}> (0x00000000892e67b8) 
thrown [s\src\hotspot\share\prims\jni.cpp, line 520]
Event: 856.406 Thread 0x00000210a965ccd0 Exception <a 'sun/nio/fs/WindowsException'{0x00000000892e7098}> (0x00000000892e7098) 
thrown [s\src\hotspot\share\prims\jni.cpp, line 520]
Event: 856.633 Thread 0x00000210a1475680 Exception <a 'java/io/FileNotFoundException'{0x00000000ff5dc098}> (0x00000000ff5dc098) 
thrown [s\src\hotspot\share\prims\jni.cpp, line 520]
Event: 856.724 Thread 0x00000210a1475680 Exception <a 'java/lang/NoSuchMethodError'{0x000000008c1a8070}: 'java.lang.Object java.lang.invoke.DirectMethodHandle$Holder.invokeVirtual(java.lang.Object, java.lang.Object, java.lang.Object, java.lang.Object)'> (0x000000008c1a8070) 
thrown [s\src\hotspot\share\interpreter\linkResolver.cpp, line 773]
Event: 856.747 Thread 0x00000210a1474960 Exception <a 'java/lang/NoSuchMethodError'{0x000000008bdb8020}: 'java.lang.Object java.lang.invoke.DirectMethodHandle$Holder.invokeStatic(java.lang.Object, long, java.lang.Object, java.lang.Object)'> (0x000000008bdb8020) 
thrown [s\src\hotspot\share\interpreter\linkResolver.cpp, line 773]
Event: 856.759 Thread 0x00000210a1474960 Exception <a 'sun/nio/fs/WindowsException'{0x000000008bc6fa28}> (0x000000008bc6fa28) 
thrown [s\src\hotspot\share\prims\jni.cpp, line 520]
Event: 856.759 Thread 0x00000210a1474960 Exception <a 'sun/nio/fs/WindowsException'{0x000000008bc70a28}> (0x000000008bc70a28) 
thrown [s\src\hotspot\share\prims\jni.cpp, line 520]
Event: 856.770 Thread 0x00000210a1474960 Exception <a 'java/io/FileNotFoundException'{0x000000008bb511d8}> (0x000000008bb511d8) 
thrown [s\src\hotspot\share\prims\jni.cpp, line 520]
Event: 856.770 Thread 0x00000210a1474960 Exception <a 'java/io/FileNotFoundException'{0x000000008bb521e0}> (0x000000008bb521e0) 
thrown [s\src\hotspot\share\prims\jni.cpp, line 520]
Event: 856.791 Thread 0x00000210a1474960 Exception <a 'java/lang/NoSuchMethodError'{0x000000008ba3c990}: 'java.lang.Object java.lang.invoke.DirectMethodHandle$Holder.newInvokeSpecial(java.lang.Object, java.lang.Object, java.lang.Object, java.lang.Object, java.lang.Object, java.lang.Object, java.lang.Object, java.lang.Object, java.lang.Object)'> (0x000000008ba3c990) 
thrown [s\src\hotspot\share\interpreter\linkResolver.cpp, line 773]
Event: 856.824 Thread 0x00000210a965bfb0 Exception <a 'java/lang/IncompatibleClassChangeError'{0x00000000ff7652e8}: Found class java.lang.Object, but interface was expected> (0x00000000ff7652e8) 
thrown [s\src\hotspot\share\interpreter\linkResolver.cpp, line 840]
Event: 857.670 Thread 0x00000210a14735b0 Exception <a 'java/lang/NoSuchMethodError'{0x000000008baa2fd0}: 'long java.lang.invoke.DelegatingMethodHandle$Holder.reinvoke_L(java.lang.Object, java.lang.Object)'> (0x000000008baa2fd0) 
thrown [s\src\hotspot\share\interpreter\linkResolver.cpp, line 773]
Event: 857.671 Thread 0x00000210a14735b0 Exception <a 'java/lang/NoSuchMethodError'{0x000000008baacfd0}: 'void java.lang.invoke.DelegatingMethodHandle$Holder.reinvoke_L(java.lang.Object, java.lang.Object, long)'> (0x000000008baacfd0) 
thrown [s\src\hotspot\share\interpreter\linkResolver.cpp, line 773]
Event: 858.360 Thread 0x00000210a14735b0 Exception <a 'java/lang/NoSuchMethodError'{0x000000008b668a50}: 'long java.lang.invoke.Invokers$Holder.invokeExact_MT(java.lang.Object, java.lang.Object, java.lang.Object)'> (0x000000008b668a50) 
thrown [s\src\hotspot\share\interpreter\linkResolver.cpp, line 773]

ZGC Phase Switch (0 events):
No events

VM Operations (20 events):
Event: 1082.155 Executing VM operation: RendezvousGCThreads
Event: 1082.155 Executing VM operation: RendezvousGCThreads done
Event: 1142.316 Executing VM operation: HandshakeAllThreads (HandshakeForDeflation)
Event: 1142.316 Executing VM operation: HandshakeAllThreads (HandshakeForDeflation) done
Event: 1142.316 Executing VM operation: RendezvousGCThreads
Event: 1142.316 Executing VM operation: RendezvousGCThreads done
Event: 1202.422 Executing VM operation: HandshakeAllThreads (HandshakeForDeflation)
Event: 1202.422 Executing VM operation: HandshakeAllThreads (HandshakeForDeflation) done
Event: 1202.422 Executing VM operation: RendezvousGCThreads
Event: 1202.422 Executing VM operation: RendezvousGCThreads done
Event: 1219.552 Executing VM operation: Cleanup
Event: 1219.552 Executing VM operation: Cleanup done
Event: 1262.682 Executing VM operation: HandshakeAllThreads (HandshakeForDeflation)
Event: 1262.682 Executing VM operation: HandshakeAllThreads (HandshakeForDeflation) done
Event: 1262.682 Executing VM operation: RendezvousGCThreads
Event: 1262.682 Executing VM operation: RendezvousGCThreads done
Event: 1322.825 Executing VM operation: HandshakeAllThreads (HandshakeForDeflation)
Event: 1322.825 Executing VM operation: HandshakeAllThreads (HandshakeForDeflation) done
Event: 1322.825 Executing VM operation: RendezvousGCThreads
Event: 1322.825 Executing VM operation: RendezvousGCThreads done

Memory protections (0 events):
No events

Nmethod flushes (20 events):
Event: 447.663 Thread 0x0000021057321df0 flushing  nmethod 0x000002104408bf10
Event: 447.663 Thread 0x0000021057321df0 flushing  nmethod 0x000002104408f710
Event: 447.664 Thread 0x0000021057321df0 flushing  nmethod 0x0000021044092b90
Event: 447.664 Thread 0x0000021057321df0 flushing  nmethod 0x000002104a53f610
Event: 447.664 Thread 0x0000021057321df0 flushing  nmethod 0x0000021042372510
Event: 447.664 Thread 0x0000021057321df0 flushing  nmethod 0x000002104238c110
Event: 447.664 Thread 0x0000021057321df0 flushing  nmethod 0x00000210423c1a10
Event: 447.664 Thread 0x0000021057321df0 flushing  nmethod 0x00000210425dac90
Event: 447.664 Thread 0x0000021057321df0 flushing  nmethod 0x000002104274b890
Event: 447.664 Thread 0x0000021057321df0 flushing  nmethod 0x000002104321d510
Event: 447.664 Thread 0x0000021057321df0 flushing  nmethod 0x00000210437c2e10
Event: 447.664 Thread 0x0000021057321df0 flushing  nmethod 0x000002104a7f2890
Event: 447.664 Thread 0x0000021057321df0 flushing  nmethod 0x00000210429d9590
Event: 447.664 Thread 0x0000021057321df0 flushing  nmethod 0x0000021042a26790
Event: 447.664 Thread 0x0000021057321df0 flushing  nmethod 0x0000021042cb0a90
Event: 447.664 Thread 0x0000021057321df0 flushing  nmethod 0x0000021042cb5d90
Event: 447.664 Thread 0x0000021057321df0 flushing  nmethod 0x0000021043252810
Event: 447.664 Thread 0x0000021057321df0 flushing  nmethod 0x00000210435c5710
Event: 447.664 Thread 0x0000021057321df0 flushing  nmethod 0x00000210435c5e10
Event: 447.664 Thread 0x0000021057321df0 flushing  nmethod 0x0000021043db2f10

Events (20 events):
Event: 857.669 Thread 0x00000210a1475680 Thread added: 0x00000210a14735b0
Event: 857.670 Thread 0x00000210a1475d10 Thread exited: 0x00000210a1475d10
Event: 857.670 Thread 0x00000210a03a8da0 Thread exited: 0x00000210a03a8da0
Event: 858.322 Thread 0x00000210a14735b0 Thread added: 0x00000210a1475d10
Event: 858.323 Thread 0x00000210a1475d10 Thread exited: 0x00000210a1475d10
Event: 858.336 Thread 0x00000210a14735b0 Thread added: 0x00000210a1473c40
Event: 858.337 Thread 0x00000210a14735b0 Thread added: 0x00000210a1472f20
Event: 858.361 Thread 0x00000210a14735b0 Thread added: 0x00000210a1477750
Event: 858.362 Thread 0x00000210a14735b0 Thread exited: 0x00000210a14735b0
Event: 858.411 Thread 0x00000210a1474960 Thread added: 0x00000210a14763a0
Event: 858.416 Thread 0x00000210a1477750 Thread exited: 0x00000210a1477750
Event: 874.361 Thread 0x00000210a96607e0 Thread exited: 0x00000210a96607e0
Event: 916.882 Thread 0x00000210a965ccd0 Thread exited: 0x00000210a965ccd0
Event: 934.375 Thread 0x00000210a9662220 Thread exited: 0x00000210a9662220
Event: 976.888 Thread 0x00000210a18cb1c0 Thread exited: 0x00000210a18cb1c0
Event: 994.380 Thread 0x00000210a965d9f0 Thread exited: 0x00000210a965d9f0
Event: 1036.902 Thread 0x000002109f536600 Thread exited: 0x000002109f536600
Event: 1096.925 Thread 0x00000210a18ccc00 Thread exited: 0x00000210a18ccc00
Event: 1156.927 Thread 0x000002109f536c90 Thread exited: 0x000002109f536c90
Event: 1216.942 Thread 0x00000210a18cb850 Thread exited: 0x00000210a18cb850


Dynamic libraries:
0x00007ff65c850000 - 0x00007ff65c85e000 	c:\Users\mangg\.vscode\extensions\redhat.java-1.51.0-win32-x64\jre\21.0.9-win32-x86_64\bin\java.exe
0x00007ffc14dc0000 - 0x00007ffc15027000 	C:\WINDOWS\SYSTEM32\ntdll.dll
0x00007ffc13c40000 - 0x00007ffc13d09000 	C:\WINDOWS\System32\KERNEL32.DLL
0x00007ffc12080000 - 0x00007ffc1246f000 	C:\WINDOWS\System32\KERNELBASE.dll
0x00007ffc12a10000 - 0x00007ffc12b5b000 	C:\WINDOWS\System32\ucrtbase.dll
0x00007ffbee090000 - 0x00007ffbee0a8000 	c:\Users\mangg\.vscode\extensions\redhat.java-1.51.0-win32-x64\jre\21.0.9-win32-x86_64\bin\jli.dll
0x00007ffc07e80000 - 0x00007ffc07e9e000 	c:\Users\mangg\.vscode\extensions\redhat.java-1.51.0-win32-x64\jre\21.0.9-win32-x86_64\bin\VCRUNTIME140.dll
0x00007ffc13f50000 - 0x00007ffc14115000 	C:\WINDOWS\System32\USER32.dll
0x00007ffbf6d30000 - 0x00007ffbf6fc3000 	C:\WINDOWS\WinSxS\amd64_microsoft.windows.common-controls_6595b64144ccf1df_6.0.26100.7309_none_3e05feeae336a044\COMCTL32.dll
0x00007ffc126f0000 - 0x00007ffc12717000 	C:\WINDOWS\System32\win32u.dll
0x00007ffc14a60000 - 0x00007ffc14b09000 	C:\WINDOWS\System32\msvcrt.dll
0x00007ffc14120000 - 0x00007ffc1414b000 	C:\WINDOWS\System32\GDI32.dll
0x00007ffc12530000 - 0x00007ffc1265c000 	C:\WINDOWS\System32\gdi32full.dll
0x00007ffc12960000 - 0x00007ffc12a03000 	C:\WINDOWS\System32\msvcp_win.dll
0x00007ffc149a0000 - 0x00007ffc149d1000 	C:\WINDOWS\System32\IMM32.DLL
0x00007ffc07a60000 - 0x00007ffc07a6c000 	c:\Users\mangg\.vscode\extensions\redhat.java-1.51.0-win32-x64\jre\21.0.9-win32-x86_64\bin\vcruntime140_1.dll
0x00007ffb91f10000 - 0x00007ffb91f9d000 	c:\Users\mangg\.vscode\extensions\redhat.java-1.51.0-win32-x64\jre\21.0.9-win32-x86_64\bin\msvcp140.dll
0x00007ffb6fed0000 - 0x00007ffb70c70000 	c:\Users\mangg\.vscode\extensions\redhat.java-1.51.0-win32-x64\jre\21.0.9-win32-x86_64\bin\server\jvm.dll
0x00007ffc14cc0000 - 0x00007ffc14d74000 	C:\WINDOWS\System32\ADVAPI32.dll
0x00007ffc13d30000 - 0x00007ffc13dd6000 	C:\WINDOWS\System32\sechost.dll
0x00007ffc12b60000 - 0x00007ffc12c78000 	C:\WINDOWS\System32\RPCRT4.dll
0x00007ffc149e0000 - 0x00007ffc14a54000 	C:\WINDOWS\System32\WS2_32.dll
0x00007ffc06f30000 - 0x00007ffc06f3b000 	C:\WINDOWS\SYSTEM32\VERSION.dll
0x00007ffc04a60000 - 0x00007ffc04a95000 	C:\WINDOWS\SYSTEM32\WINMM.dll
0x00007ffc10b20000 - 0x00007ffc10b7e000 	C:\WINDOWS\SYSTEM32\POWRPROF.dll
0x00007ffc10b00000 - 0x00007ffc10b14000 	C:\WINDOWS\SYSTEM32\UMPDC.dll
0x00007ffc10de0000 - 0x00007ffc10dfb000 	C:\WINDOWS\SYSTEM32\kernel.appcore.dll
0x00007ffbf0680000 - 0x00007ffbf068a000 	c:\Users\mangg\.vscode\extensions\redhat.java-1.51.0-win32-x64\jre\21.0.9-win32-x86_64\bin\jimage.dll
0x00007ffc0f630000 - 0x00007ffc0f872000 	C:\WINDOWS\SYSTEM32\DBGHELP.DLL
0x00007ffc12fb0000 - 0x00007ffc13336000 	C:\WINDOWS\System32\combase.dll
0x00007ffc148c0000 - 0x00007ffc14996000 	C:\WINDOWS\System32\OLEAUT32.dll
0x00007ffbf2470000 - 0x00007ffbf24ac000 	C:\WINDOWS\SYSTEM32\dbgcore.DLL
0x00007ffc12480000 - 0x00007ffc12525000 	C:\WINDOWS\System32\bcryptPrimitives.dll
0x00007ffbbde40000 - 0x00007ffbbde4f000 	c:\Users\mangg\.vscode\extensions\redhat.java-1.51.0-win32-x64\jre\21.0.9-win32-x86_64\bin\instrument.dll
0x00007ffbdfe40000 - 0x00007ffbdfe60000 	c:\Users\mangg\.vscode\extensions\redhat.java-1.51.0-win32-x64\jre\21.0.9-win32-x86_64\bin\java.dll
0x00007ffc13480000 - 0x00007ffc13bd3000 	C:\WINDOWS\System32\SHELL32.dll
0x00007ffc11f10000 - 0x00007ffc1207a000 	C:\WINDOWS\System32\wintypes.dll
0x00007ffc0fb10000 - 0x00007ffc1036e000 	C:\WINDOWS\SYSTEM32\windows.storage.dll
0x00007ffc14150000 - 0x00007ffc14245000 	C:\WINDOWS\System32\SHCORE.dll
0x00007ffc12d40000 - 0x00007ffc12da6000 	C:\WINDOWS\System32\shlwapi.dll
0x00007ffc11e30000 - 0x00007ffc11e59000 	C:\WINDOWS\SYSTEM32\profapi.dll
0x00007ffbba700000 - 0x00007ffbba718000 	c:\Users\mangg\.vscode\extensions\redhat.java-1.51.0-win32-x64\jre\21.0.9-win32-x86_64\bin\zip.dll
0x00007ffbb9f30000 - 0x00007ffbb9f40000 	C:\Users\mangg\.vscode\extensions\redhat.java-1.51.0-win32-x64\jre\21.0.9-win32-x86_64\bin\net.dll
0x00007ffc095e0000 - 0x00007ffc09708000 	C:\WINDOWS\SYSTEM32\WINHTTP.dll
0x00007ffc11350000 - 0x00007ffc113bb000 	C:\WINDOWS\system32\mswsock.dll
0x00007ffbb9f10000 - 0x00007ffbb9f26000 	C:\Users\mangg\.vscode\extensions\redhat.java-1.51.0-win32-x64\jre\21.0.9-win32-x86_64\bin\nio.dll
0x00007ffbb9150000 - 0x00007ffbb9160000 	c:\Users\mangg\.vscode\extensions\redhat.java-1.51.0-win32-x64\jre\21.0.9-win32-x86_64\bin\verify.dll
0x00007ffb8ed00000 - 0x00007ffb8ed44000 	C:\Users\mangg\AppData\Roaming\Code\User\globalStorage\redhat.java\1.51.0\config_win\org.eclipse.equinox.launcher\org.eclipse.equinox.launcher.win32.win32.x86_64_1.2.1400.v20250801-0854\eclipse_11916.dll
0x00007ffc14b20000 - 0x00007ffc14cb7000 	C:\WINDOWS\System32\ole32.dll
0x00007ffc11610000 - 0x00007ffc1162b000 	C:\WINDOWS\SYSTEM32\CRYPTSP.dll
0x00007ffc10d40000 - 0x00007ffc10d7a000 	C:\WINDOWS\system32\rsaenh.dll
0x00007ffc11400000 - 0x00007ffc1142b000 	C:\WINDOWS\SYSTEM32\USERENV.dll
0x00007ffc11e00000 - 0x00007ffc11e2a000 	C:\WINDOWS\SYSTEM32\bcrypt.dll
0x00007ffc11630000 - 0x00007ffc1163c000 	C:\WINDOWS\SYSTEM32\CRYPTBASE.dll
0x00007ffc107f0000 - 0x00007ffc10824000 	C:\WINDOWS\SYSTEM32\IPHLPAPI.DLL
0x00007ffc13be0000 - 0x00007ffc13bea000 	C:\WINDOWS\System32\NSI.dll
0x00007ffb744a0000 - 0x00007ffb744e9000 	C:\Users\mangg\AppData\Local\Temp\jna-103662522\jna13566524495364400117.dll
0x00007ffc14b10000 - 0x00007ffc14b18000 	C:\WINDOWS\System32\PSAPI.DLL
0x00007ffc0a120000 - 0x00007ffc0a13e000 	C:\WINDOWS\SYSTEM32\dhcpcsvc6.DLL
0x00007ffc0a0f0000 - 0x00007ffc0a113000 	C:\WINDOWS\SYSTEM32\dhcpcsvc.DLL
0x00007ffbe53d0000 - 0x00007ffbe53d9000 	C:\Users\mangg\.vscode\extensions\redhat.java-1.51.0-win32-x64\jre\21.0.9-win32-x86_64\bin\extnet.dll

JVMTI agents:
c:\Users\mangg\.vscode\extensions\redhat.java-1.51.0-win32-x64\lombok\lombok-1.18.39-4050.jar path:c:\Users\mangg\.vscode\extensions\redhat.java-1.51.0-win32-x64\jre\21.0.9-win32-x86_64\bin\instrument.dll, loaded, initialized, instrumentlib options:none

dbghelp: loaded successfully - version: 4.0.5 - missing functions: none
symbol engine: initialized successfully - sym options: 0x614 - pdb path: .;c:\Users\mangg\.vscode\extensions\redhat.java-1.51.0-win32-x64\jre\21.0.9-win32-x86_64\bin;C:\WINDOWS\SYSTEM32;C:\WINDOWS\WinSxS\amd64_microsoft.windows.common-controls_6595b64144ccf1df_6.0.26100.7309_none_3e05feeae336a044;c:\Users\mangg\.vscode\extensions\redhat.java-1.51.0-win32-x64\jre\21.0.9-win32-x86_64\bin\server;C:\Users\mangg\AppData\Roaming\Code\User\globalStorage\redhat.java\1.51.0\config_win\org.eclipse.equinox.launcher\org.eclipse.equinox.launcher.win32.win32.x86_64_1.2.1400.v20250801-0854;C:\Users\mangg\AppData\Local\Temp\jna-103662522

VM Arguments:
jvm_args: --add-modules=ALL-SYSTEM --add-opens=java.base/java.util=ALL-UNNAMED --add-opens=java.base/java.lang=ALL-UNNAMED --add-opens=java.base/sun.nio.fs=ALL-UNNAMED -Declipse.application=org.eclipse.jdt.ls.core.id1 -Dosgi.bundles.defaultStartLevel=4 -Declipse.product=org.eclipse.jdt.ls.core.product -Djava.import.generatesMetadataFilesAtProjectRoot=false -DDetectVMInstallationsJob.disabled=true -Dfile.encoding=utf8 -Xlog:disable -Xmx2G -javaagent:c:\Users\mangg\.vscode\extensions\redhat.java-1.51.0-win32-x64\lombok\lombok-1.18.39-4050.jar -XX:+HeapDumpOnOutOfMemoryError -XX:HeapDumpPath=c:\Users\mangg\AppData\Roaming\Code\User\workspaceStorage\8c73f547fe5378db659ab868c2bf30f5\redhat.java -Daether.dependencyCollector.impl=bf 
java_command: c:\Users\mangg\.vscode\extensions\redhat.java-1.51.0-win32-x64\server\plugins\org.eclipse.equinox.launcher_1.7.100.v20251111-0406.jar -configuration c:\Users\mangg\AppData\Roaming\Code\User\globalStorage\redhat.java\1.51.0\config_win -data c:\Users\mangg\AppData\Roaming\Code\User\workspaceStorage\8c73f547fe5378db659ab868c2bf30f5\redhat.java\jdt_ws --pipe=\\.\pipe\lsp-7d90a7dfb511808979b7ba379c06382d-sock
java_class_path (initial): c:\Users\mangg\.vscode\extensions\redhat.java-1.51.0-win32-x64\server\plugins\org.eclipse.equinox.launcher_1.7.100.v20251111-0406.jar
Launcher Type: SUN_STANDARD

[Global flags]
     intx CICompilerCount                          = 12                                        {product} {ergonomic}
     uint ConcGCThreads                            = 3                                         {product} {ergonomic}
     uint G1ConcRefinementThreads                  = 13                                        {product} {ergonomic}
   size_t G1HeapRegionSize                         = 1048576                                   {product} {ergonomic}
    uintx GCDrainStackTargetSize                   = 64                                        {product} {ergonomic}
     bool HeapDumpOnOutOfMemoryError               = true                                   {manageable} {command line}
    ccstr HeapDumpPath                             = c:\Users\mangg\AppData\Roaming\Code\User\workspaceStorage\8c73f547fe5378db659ab868c2bf30f5\redhat.java         {manageable} {command line}
   size_t InitialHeapSize                          = 264241152                                 {product} {ergonomic}
   size_t MarkStackSize                            = 4194304                                   {product} {ergonomic}
   size_t MaxHeapSize                              = 2147483648                                {product} {command line}
   size_t MaxNewSize                               = 1287651328                                {product} {ergonomic}
   size_t MinHeapDeltaBytes                        = 1048576                                   {product} {ergonomic}
   size_t MinHeapSize                              = 8388608                                   {product} {ergonomic}
    uintx NonNMethodCodeHeapSize                   = 7602480                                {pd product} {ergonomic}
    uintx NonProfiledCodeHeapSize                  = 122027880                              {pd product} {ergonomic}
    uintx ProfiledCodeHeapSize                     = 122027880                              {pd product} {ergonomic}
    uintx ReservedCodeCacheSize                    = 251658240                              {pd product} {ergonomic}
     bool SegmentedCodeCache                       = true                                      {product} {ergonomic}
   size_t SoftMaxHeapSize                          = 2147483648                             {manageable} {ergonomic}
     bool UseCompressedOops                        = true                           {product lp64_product} {ergonomic}
     bool UseG1GC                                  = true                                      {product} {ergonomic}
     bool UseLargePagesIndividualAllocation        = false                                  {pd product} {ergonomic}

Logging:
Log output configuration:
 #0: stdout all=off uptime,level,tags foldmultilines=false
 #1: stderr all=off uptime,level,tags foldmultilines=false

Release file:
JAVA_VERSION="21.0.9" 
MODULES="java.base java.compiler java.datatransfer java.xml java.prefs java.desktop java.instrument java.logging java.management java.security.sasl java.naming java.rmi java.management.rmi java.net.http java.scripting java.security.jgss java.transaction.xa java.sql java.sql.rowset java.xml.crypto java.se java.smartcardio jdk.accessibility jdk.internal.jvmstat jdk.attach jdk.charsets jdk.internal.opt jdk.zipfs jdk.compiler jdk.crypto.ec jdk.crypto.cryptoki jdk.crypto.mscapi jdk.dynalink jdk.internal.ed jdk.editpad jdk.hotspot.agent jdk.httpserver jdk.internal.le jdk.internal.vm.ci jdk.internal.vm.compiler jdk.internal.vm.compiler.management jdk.jartool jdk.javadoc jdk.jcmd jdk.management jdk.management.agent jdk.jconsole jdk.jdeps jdk.jdwp.agent jdk.jdi jdk.jfr jdk.jshell jdk.jsobject jdk.jstatd jdk.localedata jdk.management.jfr jdk.naming.dns jdk.naming.rmi jdk.net jdk.nio.mapmode jdk.random jdk.sctp jdk.security.auth jdk.security.jgss jdk.unsupported jdk.unsupported.desktop jdk.xml.dom" 

Environment Variables:
JAVA_HOME=C:\Program Files\Java\jdk-17
PATH=C:\Python314\Scripts\;C:\Python314\;C:\Users\mangg\AppData\Local\Programs\Python\Python312;C:\Program Files\Microsoft MPI\Bin\;C:\Program Files\Common Files\Oracle\Java\javapath;C:\Program Files (x86)\Common Files\Oracle\Java\java8path;C:\Program Files (x86)\Common Files\Oracle\Java\javapath;C:\Windows\system32;C:\Windows;C:\Windows\System32\Wbem;C:\Windows\System32\WindowsPowerShell\v1.0\;C:\Windows\System32\OpenSSH\;C:\Program Files (x86)\NVIDIA Corporation\PhysX\Common;C:\WINDOWS\system32;C:\WINDOWS;C:\WINDOWS\System32\Wbem;C:\WINDOWS\System32\WindowsPowerShell\v1.0\;C:\WINDOWS\System32\OpenSSH\;C:\Program Files\Java\jdk-17\bin;C:\Program Files (x86)\Microsoft SQL Server\160\Tools\Binn\;C:\Program Files\Microsoft SQL Server\160\Tools\Binn\;C:\Program Files\Microsoft SQL Server\Client SDK\ODBC\170\Tools\Binn\;C:\Program Files\Microsoft SQL Server\160\DTS\Binn\;C:\Program Files (x86)\Microsoft SQL Server\160\DTS\Binn\;C:\Program Files\dotnet\;C:\Program Files\Microsoft SQL Server\150\Tools\Binn\;C:\Program Files\NVIDIA Corporation\NVIDIA app\NvDLISR;D:\installer\platform-tools;C:\Program Files\Git\cmd;C:\Program Files\Microsoft Visual Studio\2022\Community\Common7\IDE;C:\Program Files\Prince\engine\bin;C:\Program Files\Pandoc\;C:\Program Files (x86)\dotnet\;D:\apache-maven-3.9.9;C:\Program Files\Cloudflare\Cloudflare WARP\;C:\Program Files\nodejs\;C:\ProgramData\chocolatey\bin;d:\installer\cursor\cursor\resources\app\codeBin;C:\Users\mangg\AppData\Local\Programs\Python\Python312\Scripts\;C:\Users\mangg\AppData\Local\Programs\Python\Python312\;C:\Users\mangg\AppData\Local\Programs\Python\Launcher\;C:\Users\mangg\AppData\Local\Microsoft\WindowsApps;C:\Users\mangg\AppData\Local\Programs\Microsoft VS Code\bin;C:\Program Files\Java\jdk-17\bin;C:\msys64\ucrt64\bin;D:\installer\JetBrain\Pycharm\PyCharm 2024.2.0.1\bin;C:\Users\mangg\.dotnet\tools;D:\installer\JetBrain\Intel IDEA\IntelliJ IDEA 2024.2.0.2\bin;C:\Users\mangg\.dotnet\tools;D:\apache-maven-3.9.9\bin;C:\Users\mangg\AppData\Local\GitHubDesktop\bin;C:\Users\mangg\AppData\Local\Microsoft\WindowsApps;C:\Program Files\JetBrains\IntelliJ IDEA 2023.2\bin;;C:\Program Files (x86)\Nmap;C:\Users\mangg\AppData\Roaming\npm;D:\installer\SDK\flutter\bin;C:\Users\mangg\AppData\Local\Android\Sdk\platform-tools;C:\Users\mangg\AppData\Local\Android\Sdk\platform-tools;C:\Users\mangg\AppData\Local\Android\Sdk\emulator;C:\Users\mangg\AppData\Local\Android\Sdk\cmdline-tools\latest\bin;
USERNAME=mangg
OS=Windows_NT
PROCESSOR_IDENTIFIER=Intel64 Family 6 Model 141 Stepping 1, GenuineIntel
TMP=C:\Users\mangg\AppData\Local\Temp
TEMP=C:\Users\mangg\AppData\Local\Temp




Periodic native trim disabled

---------------  S Y S T E M  ---------------

OS:
 Windows 11 , 64 bit Build 26100 (10.0.26100.7623)
OS uptime: 0 days 0:24 hours
Hyper-V role detected

CPU: total 16 (initial active 16) (8 cores per cpu, 2 threads per core) family 6 model 141 stepping 1 microcode 0x34, cx8, cmov, fxsr, ht, mmx, 3dnowpref, sse, sse2, sse3, ssse3, sse4.1, sse4.2, popcnt, lzcnt, tsc, tscinvbit, avx, avx2, aes, erms, clmul, bmi1, bmi2, adx, avx512f, avx512dq, avx512cd, avx512bw, avx512vl, sha, fma, vzeroupper, avx512_vpopcntdq, avx512_vpclmulqdq, avx512_vaes, avx512_vnni, clflush, clflushopt, clwb, avx512_vbmi2, avx512_vbmi, hv, rdtscp, rdpid, fsrm, gfni, avx512_bitalg, f16c, cet_ibt, cet_ss, avx512_ifma
Processor Information for the first 16 processors :
  Max Mhz: 2304, Current Mhz: 2304, Mhz Limit: 2304

Memory: 4k page, system-wide physical 16122M (1328M free)
TotalPageFile size 27110M (AvailPageFile size 654M)
current process WorkingSet (physical memory assigned to process): 25M, peak: 543M
current process commit charge ("private bytes"): 569M, peak: 603M

vm_info: OpenJDK 64-Bit Server VM (21.0.9+10-LTS) for windows-amd64 JRE (21.0.9+10-LTS), built on 2025-10-21T00:00:00Z by "admin" with unknown MS VC++:1942

END.
